Archive member included to satisfy reference by file (symbol)

C:/CLionToolchains/gcc-arm-none-eabi-10.3-2021.10/bin/../lib/gcc/arm-none-eabi/13.3.1/thumb/v7e-m+fp/hard\libgcc.a(_arm_addsubdf3.o)
                              CMakeFiles/dm_h723_lib.elf.dir/code_mf/Src/CHASSIS_TASK.c.obj (__aeabi_f2d)
C:/CLionToolchains/gcc-arm-none-eabi-10.3-2021.10/bin/../lib/gcc/arm-none-eabi/13.3.1/thumb/v7e-m+fp/hard\libgcc.a(_arm_truncdfsf2.o)
                              CMakeFiles/dm_h723_lib.elf.dir/code_mf/Src/CHASSIS_TASK.c.obj (__aeabi_d2f)
C:/CLionToolchains/gcc-arm-none-eabi-10.3-2021.10/bin/../lib/gcc/arm-none-eabi/13.3.1/thumb/v7e-m+fp/hard\libgcc.a(_aeabi_uldivmod.o)
                              CMakeFiles/dm_h723_lib.elf.dir/Drivers/STM32H7xx_HAL_Driver/Src/stm32h7xx_hal_uart.c.obj (__aeabi_uldivmod)
C:/CLionToolchains/gcc-arm-none-eabi-10.3-2021.10/bin/../lib/gcc/arm-none-eabi/13.3.1/thumb/v7e-m+fp/hard\libgcc.a(_udivmoddi4.o)
                              C:/CLionToolchains/gcc-arm-none-eabi-10.3-2021.10/bin/../lib/gcc/arm-none-eabi/13.3.1/thumb/v7e-m+fp/hard\libgcc.a(_aeabi_uldivmod.o) (__udivmoddi4)
C:/CLionToolchains/gcc-arm-none-eabi-10.3-2021.10/bin/../lib/gcc/arm-none-eabi/13.3.1/thumb/v7e-m+fp/hard\libgcc.a(_dvmd_tls.o)
                              C:/CLionToolchains/gcc-arm-none-eabi-10.3-2021.10/bin/../lib/gcc/arm-none-eabi/13.3.1/thumb/v7e-m+fp/hard\libgcc.a(_aeabi_uldivmod.o) (__aeabi_ldiv0)
C:/CLionToolchains/gcc-arm-none-eabi-10.3-2021.10/bin/../lib/gcc/arm-none-eabi/13.3.1/thumb/v7e-m+fp/hard\libg.a(libc_a-exit.o)
                              C:/CLionToolchains/gcc-arm-none-eabi-10.3-2021.10/bin/../lib/gcc/arm-none-eabi/13.3.1/thumb/v7e-m+fp/hard/crt0.o (exit)
C:/CLionToolchains/gcc-arm-none-eabi-10.3-2021.10/bin/../lib/gcc/arm-none-eabi/13.3.1/thumb/v7e-m+fp/hard\libg.a(libc_a-findfp.o)
                              CMakeFiles/dm_h723_lib.elf.dir/Middlewares/Third_Party/FreeRTOS/Source/tasks.c.obj (__sf)
C:/CLionToolchains/gcc-arm-none-eabi-10.3-2021.10/bin/../lib/gcc/arm-none-eabi/13.3.1/thumb/v7e-m+fp/hard\libg.a(libc_a-fwalk.o)
                              C:/CLionToolchains/gcc-arm-none-eabi-10.3-2021.10/bin/../lib/gcc/arm-none-eabi/13.3.1/thumb/v7e-m+fp/hard\libg.a(libc_a-findfp.o) (_fwalk_sglue)
C:/CLionToolchains/gcc-arm-none-eabi-10.3-2021.10/bin/../lib/gcc/arm-none-eabi/13.3.1/thumb/v7e-m+fp/hard\libg.a(libc_a-stdio.o)
                              C:/CLionToolchains/gcc-arm-none-eabi-10.3-2021.10/bin/../lib/gcc/arm-none-eabi/13.3.1/thumb/v7e-m+fp/hard\libg.a(libc_a-findfp.o) (__sread)
C:/CLionToolchains/gcc-arm-none-eabi-10.3-2021.10/bin/../lib/gcc/arm-none-eabi/13.3.1/thumb/v7e-m+fp/hard\libg.a(libc_a-vsprintf.o)
                              CMakeFiles/dm_h723_lib.elf.dir/code_mf/Src/uart_printf.c.obj (vsprintf)
C:/CLionToolchains/gcc-arm-none-eabi-10.3-2021.10/bin/../lib/gcc/arm-none-eabi/13.3.1/thumb/v7e-m+fp/hard\libg.a(libc_a-memset.o)
                              C:/CLionToolchains/gcc-arm-none-eabi-10.3-2021.10/bin/../lib/gcc/arm-none-eabi/13.3.1/thumb/v7e-m+fp/hard/crt0.o (memset)
C:/CLionToolchains/gcc-arm-none-eabi-10.3-2021.10/bin/../lib/gcc/arm-none-eabi/13.3.1/thumb/v7e-m+fp/hard\libg.a(libc_a-closer.o)
                              C:/CLionToolchains/gcc-arm-none-eabi-10.3-2021.10/bin/../lib/gcc/arm-none-eabi/13.3.1/thumb/v7e-m+fp/hard\libg.a(libc_a-stdio.o) (_close_r)
C:/CLionToolchains/gcc-arm-none-eabi-10.3-2021.10/bin/../lib/gcc/arm-none-eabi/13.3.1/thumb/v7e-m+fp/hard\libg.a(libc_a-reent.o)
                              CMakeFiles/dm_h723_lib.elf.dir/Middlewares/Third_Party/FreeRTOS/Source/tasks.c.obj (_reclaim_reent)
C:/CLionToolchains/gcc-arm-none-eabi-10.3-2021.10/bin/../lib/gcc/arm-none-eabi/13.3.1/thumb/v7e-m+fp/hard\libg.a(libc_a-impure.o)
                              CMakeFiles/dm_h723_lib.elf.dir/Middlewares/Third_Party/FreeRTOS/Source/tasks.c.obj (_impure_ptr)
C:/CLionToolchains/gcc-arm-none-eabi-10.3-2021.10/bin/../lib/gcc/arm-none-eabi/13.3.1/thumb/v7e-m+fp/hard\libg.a(libc_a-lseekr.o)
                              C:/CLionToolchains/gcc-arm-none-eabi-10.3-2021.10/bin/../lib/gcc/arm-none-eabi/13.3.1/thumb/v7e-m+fp/hard\libg.a(libc_a-stdio.o) (_lseek_r)
C:/CLionToolchains/gcc-arm-none-eabi-10.3-2021.10/bin/../lib/gcc/arm-none-eabi/13.3.1/thumb/v7e-m+fp/hard\libg.a(libc_a-readr.o)
                              C:/CLionToolchains/gcc-arm-none-eabi-10.3-2021.10/bin/../lib/gcc/arm-none-eabi/13.3.1/thumb/v7e-m+fp/hard\libg.a(libc_a-stdio.o) (_read_r)
C:/CLionToolchains/gcc-arm-none-eabi-10.3-2021.10/bin/../lib/gcc/arm-none-eabi/13.3.1/thumb/v7e-m+fp/hard\libg.a(libc_a-writer.o)
                              C:/CLionToolchains/gcc-arm-none-eabi-10.3-2021.10/bin/../lib/gcc/arm-none-eabi/13.3.1/thumb/v7e-m+fp/hard\libg.a(libc_a-stdio.o) (_write_r)
C:/CLionToolchains/gcc-arm-none-eabi-10.3-2021.10/bin/../lib/gcc/arm-none-eabi/13.3.1/thumb/v7e-m+fp/hard\libg.a(libc_a-errno.o)
[...]
Memory Configuration

Name             Origin             Length             Attributes
ITCMRAM          0x00000000         0x00010000         xrw
DTCMRAM          0x20000000         0x00020000         xrw
FLASH            0x08000000         0x00100000         xr
RAM_D1           0x24000000         0x00050000         xrw
RAM_D2           0x30000000         0x00008000         xrw
RAM_D3           0x38000000         0x00004000         xrw
*default*        0x00000000         0xffffffff

Linker script and memory map

LOAD C:/CLionToolchains/gcc-arm-none-eabi-10.3-2021.10/bin/../lib/gcc/arm-none-eabi/13.3.1/thumb/v7e-m+fp/hard/crti.o
LOAD C:/CLionToolchains/gcc-arm-none-eabi-10.3-2021.10/bin/../lib/gcc/arm-none-eabi/13.3.1/thumb/v7e-m+fp/hard/crtbegin.o
LOAD C:/CLionToolchains/gcc-arm-none-eabi-10.3-2021.10/bin/../lib/gcc/arm-none-eabi/13.3.1/thumb/v7e-m+fp/hard/crt0.o
LOAD CMakeFiles/dm_h723_lib.elf.dir/Core/Src/dma.c.obj
LOAD CMakeFiles/dm_h723_lib.elf.dir/Core/Src/fdcan.c.obj
LOAD CMakeFiles/dm_h723_lib.elf.dir/Core/Src/freertos.c.obj
LOAD CMakeFiles/dm_h723_lib.elf.dir/Core/Src/gpio.c.obj
LOAD CMakeFiles/dm_h723_lib.elf.dir/Core/Src/main.c.obj
LOAD CMakeFiles/dm_h723_lib.elf.dir/Core/Src/memorymap.c.obj
LOAD CMakeFiles/dm_h723_lib.elf.dir/Core/Src/spi.c.obj
LOAD CMakeFiles/dm_h723_lib.elf.dir/Core/Src/stm32h7xx_hal_msp.c.obj
LOAD CMakeFiles/dm_h723_lib.elf.dir/Core/Src/stm32h7xx_hal_timebase_tim.c.obj
LOAD CMakeFiles/dm_h723_lib.elf.dir/Core/Src/stm32h7xx_it.c.obj
LOAD CMakeFiles/dm_h723_lib.elf.dir/Core/Src/syscalls.c.obj
LOAD CMakeFiles/dm_h723_lib.elf.dir/Core/Src/sysmem.c.obj
LOAD CMakeFiles/dm_h723_lib.elf.dir/Core/Src/system_stm32h7xx.c.obj
LOAD CMakeFiles/dm_h723_lib.elf.dir/Core/Src/usart.c.obj
LOAD CMakeFiles/dm_h723_lib.elf.dir/Core/Startup/startup_stm32h723vgtx.s.obj
LOAD CMakeFiles/dm_h723_lib.elf.dir/Drivers/STM32H7xx_HAL_Driver/Src/stm32h7xx_hal.c.obj
LOAD CMakeFiles/dm_h723_lib.elf.dir/Drivers/STM32H7xx_HAL_Driver/Src/stm32h7xx_hal_cortex.c.obj
LOAD CMakeFiles/dm_h723_lib.elf.dir/Drivers/STM32H7xx_HAL_Driver/Src/stm32h7xx_hal_dma.c.obj
LOAD CMakeFiles/dm_h723_lib.elf.dir/Drivers/STM32H7xx_HAL_Driver/Src/stm32h7xx_hal_dma_ex.c.obj
LOAD CMakeFiles/dm_h723_lib.elf.dir/Drivers/STM32H7xx_HAL_Driver/Src/stm32h7xx_hal_exti.c.obj
LOAD CMakeFiles/dm_h723_lib.elf.dir/Drivers/STM32H7xx_HAL_Driver/Src/stm32h7xx_hal_fdcan.c.obj
LOAD CMakeFiles/dm_h723_lib.elf.dir/Drivers/STM32H7xx_HAL_Driver/Src/stm32h7xx_hal_flash.c.obj
LOAD CMakeFiles/dm_h723_lib.elf.dir/Drivers/STM32H7xx_HAL_Driver/Src/stm32h7xx_hal_flash_ex.c.obj
LOAD CMakeFiles/dm_h723_lib.elf.dir/Drivers/STM32H7xx_HAL_Driver/Src/stm32h7xx_hal_gpio.c.obj
LOAD CMakeFiles/dm_h723_lib.elf.dir/Drivers/STM32H7xx_HAL_Driver/Src/stm32h7xx_hal_hsem.c.obj
LOAD CMakeFiles/dm_h723_lib.elf.dir/Drivers/STM32H7xx_HAL_Driver/Src/stm32h7xx_hal_i2c.c.obj
LOAD CMakeFiles/dm_h723_lib.elf.dir/Drivers/STM32H7xx_HAL_Driver/Src/stm32h7xx_hal_i2c_ex.c.obj
LOAD CMakeFiles/dm_h723_lib.elf.dir/Drivers/STM32H7xx_HAL_Driver/Src/stm32h7xx_hal_mdma.c.obj
LOAD CMakeFiles/dm_h723_lib.elf.dir/Drivers/STM32H7xx_HAL_Driver/Src/stm32h7xx_hal_pwr.c.obj
LOAD CMakeFiles/dm_h723_lib.elf.dir/Drivers/STM32H7xx_HAL_Driver/Src/stm32h7xx_hal_pwr_ex.c.obj
LOAD CMakeFiles/dm_h723_lib.elf.dir/Drivers/STM32H7xx_HAL_Driver/Src/stm32h7xx_hal_rcc.c.obj
LOAD CMakeFiles/dm_h723_lib.elf.dir/Drivers/STM32H7xx_HAL_Driver/Src/stm32h7xx_hal_rcc_ex.c.obj
LOAD CMakeFiles/dm_h723_lib.elf.dir/Drivers/STM32H7xx_HAL_Driver/Src/stm32h7xx_hal_spi.c.obj
LOAD CMakeFiles/dm_h723_lib.elf.dir/Drivers/STM32H7xx_HAL_Driver/Src/stm32h7xx_hal_spi_ex.c.obj
LOAD CMakeFiles/dm_h723_lib.elf.dir/Drivers/STM32H7xx_HAL_Driver/Src/stm32h7xx_hal_tim.c.obj
LOAD CMakeFiles/dm_h723_lib.elf.dir/Drivers/STM32H7xx_HAL_Driver/Src/stm32h7xx_hal_tim_ex.c.obj
LOAD CMakeFiles/dm_h723_lib.elf.dir/Drivers/STM32H7xx_HAL_Driver/Src/stm32h7xx_hal_uart.c.obj
LOAD CMakeFiles/dm_h723_lib.elf.dir/Drivers/STM32H7xx_HAL_Driver/Src/stm32h7xx_hal_uart_ex.c.obj
LOAD CMakeFiles/dm_h723_lib.elf.dir/Middlewares/Third_Party/FreeRTOS/Source/CMSIS_RTOS/cmsis_os.c.obj
LOAD CMakeFiles/dm_h723_lib.elf.dir/Middlewares/Third_Party/FreeRTOS/Source/croutine.c.obj
LOAD CMakeFiles/dm_h723_lib.elf.dir/Middlewares/Third_Party/FreeRTOS/Source/event_groups.c.obj
LOAD CMakeFiles/dm_h723_lib.elf.dir/Middlewares/Third_Party/FreeRTOS/Source/list.c.obj
LOAD CMakeFiles/dm_h723_lib.elf.dir/Middlewares/Third_Party/FreeRTOS/Source/portable/GCC/ARM_CM4F/port.c.obj
LOAD CMakeFiles/dm_h723_lib.elf.dir/Middlewares/Third_Party/FreeRTOS/Source/portable/MemMang/heap_4.c.obj
LOAD CMakeFiles/dm_h723_lib.elf.dir/Middlewares/Third_Party/FreeRTOS/Source/queue.c.obj
LOAD CMakeFiles/dm_h723_lib.elf.dir/Middlewares/Third_Party/FreeRTOS/Source/stream_buffer.c.obj
LOAD CMakeFiles/dm_h723_lib.elf.dir/Middlewares/Third_Party/FreeRTOS/Source/tasks.c.obj
LOAD CMakeFiles/dm_h723_lib.elf.dir/Middlewares/Third_Party/FreeRTOS/Source/timers.c.obj
LOAD CMakeFiles/dm_h723_lib.elf.dir/code_mf/Src/AUTO_AIM_TASK.c.obj
LOAD CMakeFiles/dm_h723_lib.elf.dir/code_mf/Src/BMI088Middleware.c.obj
LOAD CMakeFiles/dm_h723_lib.elf.dir/code_mf/Src/BMI088driver.c.obj
LOAD CMakeFiles/dm_h723_lib.elf.dir/code_mf/Src/CAN_SENT_TASK.c.obj
LOAD CMakeFiles/dm_h723_lib.elf.dir/code_mf/Src/CHASSIS_TASK.c.obj
LOAD CMakeFiles/dm_h723_lib.elf.dir/code_mf/Src/DEBUG_UART_TASK.c.obj
LOAD CMakeFiles/dm_h723_lib.elf.dir/code_mf/Src/DJI_motors.c.obj
LOAD CMakeFiles/dm_h723_lib.elf.dir/code_mf/Src/GET_RC_TASK.c.obj
LOAD CMakeFiles/dm_h723_lib.elf.dir/code_mf/Src/GIMBAL_TASK.c.obj
LOAD CMakeFiles/dm_h723_lib.elf.dir/code_mf/Src/IMU_DATA_GET.c.obj
LOAD CMakeFiles/dm_h723_lib.elf.dir/code_mf/Src/LED_TASK.c.obj
LOAD CMakeFiles/dm_h723_lib.elf.dir/code_mf/Src/MahonyAHRS.c.obj
LOAD CMakeFiles/dm_h723_lib.elf.dir/code_mf/Src/NAV_TASK.c.obj
LOAD CMakeFiles/dm_h723_lib.elf.dir/code_mf/Src/SHOOT_TASK.c.obj
LOAD CMakeFiles/dm_h723_lib.elf.dir/code_mf/Src/bsp_can.c.obj
LOAD CMakeFiles/dm_h723_lib.elf.dir/code_mf/Src/can_receive.c.obj
LOAD CMakeFiles/dm_h723_lib.elf.dir/code_mf/Src/dm_motor.c.obj
LOAD CMakeFiles/dm_h723_lib.elf.dir/code_mf/Src/pid.c.obj
LOAD CMakeFiles/dm_h723_lib.elf.dir/code_mf/Src/remote_control.c.obj
LOAD CMakeFiles/dm_h723_lib.elf.dir/code_mf/Src/uart_callback.c.obj
LOAD CMakeFiles/dm_h723_lib.elf.dir/code_mf/Src/uart_printf.c.obj
LOAD CMakeFiles/dm_h723_lib.elf.dir/code_mf/Src/ws2812.c.obj
START GROUP
LOAD C:/CLionToolchains/gcc-arm-none-eabi-10.3-2021.10/bin/../lib/gcc/arm-none-eabi/13.3.1/thumb/v7e-m+fp/hard\libgcc.a
LOAD C:/CLionToolchains/gcc-arm-none-eabi-10.3-2021.10/bin/../lib/gcc/arm-none-eabi/13.3.1/thumb/v7e-m+fp/hard\libg.a
LOAD C:/CLionToolchains/gcc-arm-none-eabi-10.3-2021.10/bin/../lib/gcc/arm-none-eabi/13.3.1/thumb/v7e-m+fp/hard\libc.a
END GROUP
LOAD C:/CLionToolchains/gcc-arm-none-eabi-10.3-2021.10/bin/../lib/gcc/arm-none-eabi/13.3.1/thumb/v7e-m+fp/hard/crtend.o
LOAD C:/CLionToolchains/gcc-arm-none-eabi-10.3-2021.10/bin/../lib/gcc/arm-none-eabi/13.3.1/thumb/v7e-m+fp/hard/crtn.o
                0x24050000                        _estack = (ORIGIN (RAM_D1) + LENGTH (RAM_D1))
                0x00000200                        _Min_Heap_Size = 0x200
                0x00000400                        _Min_Stack_Size = 0x400

.isr_vector     0x08000000      0x2cc
                0x08000000                        . = ALIGN (0x4)
 *(.isr_vector)
 .isr_vector    0x08000000      0x2cc CMakeFiles/dm_h723_lib.elf.dir/Core/Startup/startup_stm32h723vgtx.s.obj
                0x08000000                g_pfnVectors
                0x080002cc                        . = ALIGN (0x4)

.text           0x08000300    0x136b8
                0x08000300                        . = ALIGN (0x4)
 *(.text)
 .text          0x08000300      0x378 C:/CLionToolchains/gcc-arm-none-eabi-10.3-2021.10/bin/../lib/gcc/arm-none-eabi/13.3.1/thumb/v7e-m+fp/hard\libgcc.a(_arm_addsubdf3.o)
                0x08000300                __aeabi_drsub
                0x08000308                __aeabi_dsub
                0x08000308                __subdf3
                0x0800030c                __aeabi_dadd
                0x0800030c                __adddf3
                0x08000584                __floatunsidf
                0x08000584                __aeabi_ui2d
                0x080005a4                __floatsidf
                0x080005a4                __aeabi_i2d
                0x080005c8                __aeabi_f2d
                0x080005c8                __extendsfdf2
                0x0800060c                __floatundidf
                0x0800060c                __aeabi_ul2d
                0x0800061c                __floatdidf
                0x0800061c                __aeabi_l2d
 .text          0x08000678       0xa0 C:/CLionToolchains/gcc-arm-none-eabi-10.3-2021.10/bin/../lib/gcc/arm-none-eabi/13.3.1/thumb/v7e-m+fp/hard\libgcc.a(_arm_truncdfsf2.o)
                0x08000678                __truncdfsf2
                0x08000678                __aeabi_d2f
 .text          0x08000718       0x30 C:/CLionToolchains/gcc-arm-none-eabi-10.3-2021.10/bin/../lib/gcc/arm-none-eabi/13.3.1/thumb/v7e-m+fp/hard\libgcc.a(_aeabi_uldivmod.o)
                0x08000718                __aeabi_uldivmod
 .text          0x08000748        0x4 C:/CLionToolchains/gcc-arm-none-eabi-10.3-2021.10/bin/../lib/gcc/arm-none-eabi/13.3.1/thumb/v7e-m+fp/hard\libgcc.a(_dvmd_tls.o)
                0x08000748                __aeabi_idiv0
                0x08000748                __aeabi_ldiv0
 .text          0x0800074c      0x134 C:/CLionToolchains/gcc-arm-none-eabi-10.3-2021.10/bin/../lib/gcc/arm-none-eabi/13.3.1/thumb/v7e-m+fp/hard\libg.a(libc_a-memcpy.o)
                0x0800074c                memcpy
 .text          0x08000880       0xa0 C:/CLionToolchains/gcc-arm-none-eabi-10.3-2021.10/bin/../lib/gcc/arm-none-eabi/13.3.1/thumb/v7e-m+fp/hard\libg.a(libc_a-memchr.o)
                0x08000880                memchr
 *fill*         0x08000920       0x20 
 .text          0x08000940       0xd8 C:/CLionToolchains/gcc-arm-none-eabi-10.3-2021.10/bin/../lib/gcc/arm-none-eabi/13.3.1/thumb/v7e-m+fp/hard\libg.a(libc_a-strlen.o)
                0x08000940                strlen
 .text          0x08000a18      0x424 C:/CLionToolchains/gcc-arm-none-eabi-10.3-2021.10/bin/../lib/gcc/arm-none-eabi/13.3.1/thumb/v7e-m+fp/hard\libgcc.a(_arm_muldivdf3.o)
                0x08000a18                __aeabi_dmul
                0x08000a18                __muldf3
                0x08000c6c                __divdf3
                0x08000c6c                __aeabi_ddiv
 .text          0x08000e3c      0x110 C:/CLionToolchains/gcc-arm-none-eabi-10.3-2021.10/bin/../lib/gcc/arm-none-eabi/13.3.1/thumb/v7e-m+fp/hard\libgcc.a(_arm_cmpdf2.o)
                0x08000e3c                __gtdf2
                0x08000e3c                __gedf2
                0x08000e44                __ltdf2
                0x08000e44                __ledf2
                0x08000e4c                __nedf2
                0x08000e4c                __eqdf2
                0x08000e4c                __cmpdf2
                0x08000ec8                __aeabi_cdrcmple
                0x08000ed8                __aeabi_cdcmpeq
                0x08000ed8                __aeabi_cdcmple
                0x08000ee8                __aeabi_dcmpeq
                0x08000efc                __aeabi_dcmplt
                0x08000f10                __aeabi_dcmple
                0x08000f24                __aeabi_dcmpge
                0x08000f38                __aeabi_dcmpgt
 .text          0x08000f4c       0x2c C:/CLionToolchains/gcc-arm-none-eabi-10.3-2021.10/bin/../lib/gcc/arm-none-eabi/13.3.1/thumb/v7e-m+fp/hard\libgcc.a(_arm_unorddf2.o)
                0x08000f4c                __unorddf2
                0x08000f4c                __aeabi_dcmpun
 .text          0x08000f78       0x50 C:/CLionToolchains/gcc-arm-none-eabi-10.3-2021.10/bin/../lib/gcc/arm-none-eabi/13.3.1/thumb/v7e-m+fp/hard\libgcc.a(_arm_fixdfsi.o)
                0x08000f78                __aeabi_d2iz
                0x08000f78                __fixdfsi
 *(.text*)
 .text.deregister_tm_clones
                0x08000fc8       0x1c C:/CLionToolchains/gcc-arm-none-eabi-10.3-2021.10/bin/../lib/gcc/arm-none-eabi/13.3.1/thumb/v7e-m+fp/hard/crtbegin.o
 .text.register_tm_clones
                0x08000fe4       0x24 C:/CLionToolchains/gcc-arm-none-eabi-10.3-2021.10/bin/../lib/gcc/arm-none-eabi/13.3.1/thumb/v7e-m+fp/hard/crtbegin.o
 .text.__do_global_dtors_aux
                0x08001008       0x28 C:/CLionToolchains/gcc-arm-none-eabi-10.3-2021.10/bin/../lib/gcc/arm-none-eabi/13.3.1/thumb/v7e-m+fp/hard/crtbegin.o
 .text.frame_dummy
                0x08001030       0x24 C:/CLionToolchains/gcc-arm-none-eabi-10.3-2021.10/bin/../lib/gcc/arm-none-eabi/13.3.1/thumb/v7e-m+fp/hard/crtbegin.o
 .text.MX_DMA_Init
                0x08001054       0x98 CMakeFiles/dm_h723_lib.elf.dir/Core/Src/dma.c.obj
                0x08001054                MX_DMA_Init
 .text.MX_FDCAN1_Init
                0x080010ec       0x64 CMakeFiles/dm_h723_lib.elf.dir/Core/Src/fdcan.c.obj
                0x080010ec                MX_FDCAN1_Init
 .text.MX_FDCAN2_Init
                0x08001150       0x68 CMakeFiles/dm_h723_lib.elf.dir/Core/Src/fdcan.c.obj
                0x08001150                MX_FDCAN2_Init
 .text.MX_FDCAN3_Init
                0x080011b8       0x68 CMakeFiles/dm_h723_lib.elf.dir/Core/Src/fdcan.c.obj
                0x080011b8                MX_FDCAN3_Init
 .text.HAL_FDCAN_MspInit
                0x08001220      0x1f8 CMakeFiles/dm_h723_lib.elf.dir/Core/Src/fdcan.c.obj
                0x08001220                HAL_FDCAN_MspInit
 .text.StartDefaultTask
                0x08001418        0xa CMakeFiles/dm_h723_lib.elf.dir/Core/Src/freertos.c.obj
                0x08001418                StartDefaultTask
 *fill*         0x08001422        0x2 
 .text.vApplicationGetIdleTaskMemory
                0x08001424       0x18 CMakeFiles/dm_h723_lib.elf.dir/Core/Src/freertos.c.obj
                0x08001424                vApplicationGetIdleTaskMemory
 .text.MX_FREERTOS_Init
                0x0800143c      0x1c4 CMakeFiles/dm_h723_lib.elf.dir/Core/Src/freertos.c.obj
                0x0800143c                MX_FREERTOS_Init
 .text.MX_GPIO_Init
                0x08001600      0x100 CMakeFiles/dm_h723_lib.elf.dir/Core/Src/gpio.c.obj
                0x08001600                MX_GPIO_Init
 .text.HAL_TIM_PeriodElapsedCallback
                0x08001700       0x18 CMakeFiles/dm_h723_lib.elf.dir/Core/Src/main.c.obj
                0x08001700                HAL_TIM_PeriodElapsedCallback
 .text.Error_Handler
                0x08001718        0x4 CMakeFiles/dm_h723_lib.elf.dir/Core/Src/main.c.obj
                0x08001718                Error_Handler
 .text.SystemClock_Config
                0x0800171c       0xa8 CMakeFiles/dm_h723_lib.elf.dir/Core/Src/main.c.obj
                0x0800171c                SystemClock_Config
 .text.main     0x080017c4       0xc0 CMakeFiles/dm_h723_lib.elf.dir/Core/Src/main.c.obj
                0x080017c4                main
 .text.MX_SPI2_Init
                0x08001884       0x60 CMakeFiles/dm_h723_lib.elf.dir/Core/Src/spi.c.obj
                0x08001884                MX_SPI2_Init
 .text.MX_SPI6_Init
                0x080018e4       0x64 CMakeFiles/dm_h723_lib.elf.dir/Core/Src/spi.c.obj
                0x080018e4                MX_SPI6_Init
 .text.HAL_SPI_MspInit
                0x08001948      0x1d4 CMakeFiles/dm_h723_lib.elf.dir/Core/Src/spi.c.obj
                0x08001948                HAL_SPI_MspInit
 .text.HAL_MspInit
                0x08001b1c       0x34 CMakeFiles/dm_h723_lib.elf.dir/Core/Src/stm32h7xx_hal_msp.c.obj
                0x08001b1c                HAL_MspInit
 .text.HAL_InitTick
                0x08001b50       0x9c CMakeFiles/dm_h723_lib.elf.dir/Core/Src/stm32h7xx_hal_timebase_tim.c.obj
                0x08001b50                HAL_InitTick
 .text.NMI_Handler
                0x08001bec        0x2 CMakeFiles/dm_h723_lib.elf.dir/Core/Src/stm32h7xx_it.c.obj
                0x08001bec                NMI_Handler
 .text.HardFault_Handler
                0x08001bee        0x2 CMakeFiles/dm_h723_lib.elf.dir/Core/Src/stm32h7xx_it.c.obj
                0x08001bee                HardFault_Handler
 .text.MemManage_Handler
                0x08001bf0        0x2 CMakeFiles/dm_h723_lib.elf.dir/Core/Src/stm32h7xx_it.c.obj
                0x08001bf0                MemManage_Handler
 .text.BusFault_Handler
                0x08001bf2        0x2 CMakeFiles/dm_h723_lib.elf.dir/Core/Src/stm32h7xx_it.c.obj
                0x08001bf2                BusFault_Handler
 .text.UsageFault_Handler
                0x08001bf4        0x2 CMakeFiles/dm_h723_lib.elf.dir/Core/Src/stm32h7xx_it.c.obj
                0x08001bf4                UsageFault_Handler
 .text.DebugMon_Handler
                0x08001bf6        0x2 CMakeFiles/dm_h723_lib.elf.dir/Core/Src/stm32h7xx_it.c.obj
                0x08001bf6                DebugMon_Handler
 .text.DMA1_Stream0_IRQHandler
                0x08001bf8       0x10 CMakeFiles/dm_h723_lib.elf.dir/Core/Src/stm32h7xx_it.c.obj
                0x08001bf8                DMA1_Stream0_IRQHandler
 .text.DMA1_Stream1_IRQHandler
                0x08001c08       0x10 CMakeFiles/dm_h723_lib.elf.dir/Core/Src/stm32h7xx_it.c.obj
                0x08001c08                DMA1_Stream1_IRQHandler
 .text.DMA1_Stream2_IRQHandler
                0x08001c18       0x10 CMakeFiles/dm_h723_lib.elf.dir/Core/Src/stm32h7xx_it.c.obj
                0x08001c18                DMA1_Stream2_IRQHandler
 .text.DMA1_Stream3_IRQHandler
                0x08001c28       0x10 CMakeFiles/dm_h723_lib.elf.dir/Core/Src/stm32h7xx_it.c.obj
                0x08001c28                DMA1_Stream3_IRQHandler
 .text.DMA1_Stream4_IRQHandler
                0x08001c38       0x10 CMakeFiles/dm_h723_lib.elf.dir/Core/Src/stm32h7xx_it.c.obj
                0x08001c38                DMA1_Stream4_IRQHandler
 .text.DMA1_Stream5_IRQHandler
                0x08001c48       0x10 CMakeFiles/dm_h723_lib.elf.dir/Core/Src/stm32h7xx_it.c.obj
                0x08001c48                DMA1_Stream5_IRQHandler
 .text.DMA1_Stream6_IRQHandler
                0x08001c58       0x10 CMakeFiles/dm_h723_lib.elf.dir/Core/Src/stm32h7xx_it.c.obj
                0x08001c58                DMA1_Stream6_IRQHandler
 .text.FDCAN1_IT0_IRQHandler
                0x08001c68       0x10 CMakeFiles/dm_h723_lib.elf.dir/Core/Src/stm32h7xx_it.c.obj
                0x08001c68                FDCAN1_IT0_IRQHandler
 .text.FDCAN2_IT0_IRQHandler
                0x08001c78       0x10 CMakeFiles/dm_h723_lib.elf.dir/Core/Src/stm32h7xx_it.c.obj
                0x08001c78                FDCAN2_IT0_IRQHandler
 .text.SPI2_IRQHandler
                0x08001c88       0x10 CMakeFiles/dm_h723_lib.elf.dir/Core/Src/stm32h7xx_it.c.obj
                0x08001c88                SPI2_IRQHandler
 .text.UART5_IRQHandler
                0x08001c98       0x10 CMakeFiles/dm_h723_lib.elf.dir/Core/Src/stm32h7xx_it.c.obj
                0x08001c98                UART5_IRQHandler
 .text.TIM7_IRQHandler
                0x08001ca8       0x10 CMakeFiles/dm_h723_lib.elf.dir/Core/Src/stm32h7xx_it.c.obj
                0x08001ca8                TIM7_IRQHandler
 .text.UART7_IRQHandler
                0x08001cb8       0x10 CMakeFiles/dm_h723_lib.elf.dir/Core/Src/stm32h7xx_it.c.obj
                0x08001cb8                UART7_IRQHandler
 .text.USART10_IRQHandler
                0x08001cc8       0x10 CMakeFiles/dm_h723_lib.elf.dir/Core/Src/stm32h7xx_it.c.obj
                0x08001cc8                USART10_IRQHandler
 .text.FDCAN3_IT0_IRQHandler
                0x08001cd8       0x10 CMakeFiles/dm_h723_lib.elf.dir/Core/Src/stm32h7xx_it.c.obj
                0x08001cd8                FDCAN3_IT0_IRQHandler
 .text._getpid  0x08001ce8        0x4 CMakeFiles/dm_h723_lib.elf.dir/Core/Src/syscalls.c.obj
                0x08001ce8                _getpid
 .text._kill    0x08001cec       0x10 CMakeFiles/dm_h723_lib.elf.dir/Core/Src/syscalls.c.obj
                0x08001cec                _kill
 .text._exit    0x08001cfc        0xc CMakeFiles/dm_h723_lib.elf.dir/Core/Src/syscalls.c.obj
                0x08001cfc                _exit
 .text._read    0x08001d08       0x20 CMakeFiles/dm_h723_lib.elf.dir/Core/Src/syscalls.c.obj
                0x08001d08                _read
 .text._write   0x08001d28       0x1c CMakeFiles/dm_h723_lib.elf.dir/Core/Src/syscalls.c.obj
                0x08001d28                _write
 .text._close   0x08001d44        0x6 CMakeFiles/dm_h723_lib.elf.dir/Core/Src/syscalls.c.obj
                0x08001d44                _close
 .text._fstat   0x08001d4a        0xa CMakeFiles/dm_h723_lib.elf.dir/Core/Src/syscalls.c.obj
                0x08001d4a                _fstat
 .text._isatty  0x08001d54        0x4 CMakeFiles/dm_h723_lib.elf.dir/Core/Src/syscalls.c.obj
                0x08001d54                _isatty
 .text._lseek   0x08001d58        0x4 CMakeFiles/dm_h723_lib.elf.dir/Core/Src/syscalls.c.obj
                0x08001d58                _lseek
 .text._sbrk    0x08001d5c       0x48 CMakeFiles/dm_h723_lib.elf.dir/Core/Src/sysmem.c.obj
                0x08001d5c                _sbrk
 .text.SystemInit
                0x08001da4       0xac CMakeFiles/dm_h723_lib.elf.dir/Core/Src/system_stm32h7xx.c.obj
                0x08001da4                SystemInit
 .text.MX_UART5_Init
                0x08001e50       0x78 CMakeFiles/dm_h723_lib.elf.dir/Core/Src/usart.c.obj
                0x08001e50                MX_UART5_Init
 .text.MX_UART7_Init
                0x08001ec8       0x68 CMakeFiles/dm_h723_lib.elf.dir/Core/Src/usart.c.obj
                0x08001ec8                MX_UART7_Init
 .text.MX_USART1_UART_Init
                0x08001f30       0x68 CMakeFiles/dm_h723_lib.elf.dir/Core/Src/usart.c.obj
                0x08001f30                MX_USART1_UART_Init
 .text.MX_USART10_UART_Init
                0x08001f98       0x68 CMakeFiles/dm_h723_lib.elf.dir/Core/Src/usart.c.obj
                0x08001f98                MX_USART10_UART_Init
 .text.HAL_UART_MspInit
                0x08002000      0x3b4 CMakeFiles/dm_h723_lib.elf.dir/Core/Src/usart.c.obj
                0x08002000                HAL_UART_MspInit
 .text.Reset_Handler
                0x080023b4       0x50 CMakeFiles/dm_h723_lib.elf.dir/Core/Startup/startup_stm32h723vgtx.s.obj
                0x080023b4                Reset_Handler
 .text.Default_Handler
                0x08002404        0x2 CMakeFiles/dm_h723_lib.elf.dir/Core/Startup/startup_stm32h723vgtx.s.obj
                0x08002404                RTC_Alarm_IRQHandler
                0x08002404                EXTI2_IRQHandler
                0x08002404                TIM8_CC_IRQHandler
                0x08002404                UART8_IRQHandler
                0x08002404                SPI4_IRQHandler
                0x08002404                TIM1_CC_IRQHandler
                0x08002404                BDMA_Channel6_IRQHandler
                0x08002404                DMA2_Stream5_IRQHandler
                0x08002404                CORDIC_IRQHandler
                0x08002404                BDMA_Channel1_IRQHandler
                0x08002404                TAMP_STAMP_IRQHandler
                0x08002404                EXTI3_IRQHandler
                0x08002404                LPTIM4_IRQHandler
                0x08002404                TIM8_TRG_COM_TIM14_IRQHandler
                0x08002404                LPTIM2_IRQHandler
                0x08002404                DFSDM1_FLT1_IRQHandler
                0x08002404                DMAMUX2_OVR_IRQHandler
                0x08002404                TIM8_UP_TIM13_IRQHandler
                0x08002404                I2C3_ER_IRQHandler
                0x08002404                DFSDM1_FLT2_IRQHandler
                0x08002404                I2C5_EV_IRQHandler
                0x08002404                MDMA_IRQHandler
                0x08002404                LPTIM3_IRQHandler
                0x08002404                HSEM1_IRQHandler
                0x08002404                EXTI0_IRQHandler
                0x08002404                I2C2_EV_IRQHandler
                0x08002404                FPU_IRQHandler
                0x08002404                OTG_HS_WKUP_IRQHandler
                0x08002404                FDCAN1_IT1_IRQHandler
                0x08002404                LTDC_ER_IRQHandler
                0x08002404                DMA2_Stream2_IRQHandler
                0x08002404                SPI1_IRQHandler
                0x08002404                OCTOSPI1_IRQHandler
                0x08002404                TIM6_DAC_IRQHandler
                0x08002404                DMA2_Stream3_IRQHandler
                0x08002404                OCTOSPI2_IRQHandler
                0x08002404                DFSDM1_FLT3_IRQHandler
                0x08002404                TIM23_IRQHandler
                0x08002404                USART6_IRQHandler
                0x08002404                TIM17_IRQHandler
                0x08002404                USART3_IRQHandler
                0x08002404                BDMA_Channel7_IRQHandler
                0x08002404                LPTIM5_IRQHandler
                0x08002404                ADC3_IRQHandler
                0x08002404                DMA2_Stream0_IRQHandler
                0x08002404                TIM4_IRQHandler
                0x08002404                BDMA_Channel2_IRQHandler
                0x08002404                I2C1_EV_IRQHandler
                0x08002404                DMAMUX1_OVR_IRQHandler
                0x08002404                TIM16_IRQHandler
                0x08002404                UART4_IRQHandler
                0x08002404                BDMA_Channel5_IRQHandler
                0x08002404                TIM3_IRQHandler
                0x08002404                RCC_IRQHandler
                0x08002404                UART9_IRQHandler
                0x08002404                TIM8_BRK_TIM12_IRQHandler
                0x08002404                TIM1_TRG_COM_IRQHandler
                0x08002404                Default_Handler
                0x08002404                ECC_IRQHandler
                0x08002404                FMAC_IRQHandler
                0x08002404                CEC_IRQHandler
                0x08002404                EXTI15_10_IRQHandler
                0x08002404                BDMA_Channel0_IRQHandler
                0x08002404                ADC_IRQHandler
                0x08002404                I2C5_ER_IRQHandler
                0x08002404                DMA1_Stream7_IRQHandler
                0x08002404                SPI5_IRQHandler
                0x08002404                FDCAN3_IT1_IRQHandler
                0x08002404                SDMMC1_IRQHandler
                0x08002404                TIM5_IRQHandler
                0x08002404                DMA2_Stream7_IRQHandler
                0x08002404                TIM15_IRQHandler
                0x08002404                PVD_AVD_IRQHandler
                0x08002404                I2C3_EV_IRQHandler
                0x08002404                EXTI9_5_IRQHandler
                0x08002404                RTC_WKUP_IRQHandler
                0x08002404                LTDC_IRQHandler
                0x08002404                ETH_WKUP_IRQHandler
                0x08002404                SPDIF_RX_IRQHandler
                0x08002404                OTG_HS_EP1_IN_IRQHandler
                0x08002404                TIM24_IRQHandler
                0x08002404                CRS_IRQHandler
                0x08002404                EXTI4_IRQHandler
                0x08002404                RNG_IRQHandler
                0x08002404                FDCAN2_IT1_IRQHandler
                0x08002404                ETH_IRQHandler
                0x08002404                TIM1_UP_IRQHandler
                0x08002404                BDMA_Channel4_IRQHandler
                0x08002404                OTG_HS_EP1_OUT_IRQHandler
                0x08002404                WWDG_IRQHandler
                0x08002404                SPI6_IRQHandler
                0x08002404                MDIOS_IRQHandler
                0x08002404                I2C4_EV_IRQHandler
                0x08002404                LPUART1_IRQHandler
                0x08002404                TIM2_IRQHandler
                0x08002404                OTG_HS_IRQHandler
                0x08002404                DMA2D_IRQHandler
                0x08002404                TIM1_BRK_IRQHandler
                0x08002404                EXTI1_IRQHandler
                0x08002404                SDMMC2_IRQHandler
                0x08002404                BDMA_Channel3_IRQHandler
                0x08002404                DTS_IRQHandler
                0x08002404                MDIOS_WKUP_IRQHandler
                0x08002404                USART2_IRQHandler
                0x08002404                DFSDM1_FLT0_IRQHandler
                0x08002404                SAI4_IRQHandler
                0x08002404                I2C2_ER_IRQHandler
                0x08002404                DMA2_Stream1_IRQHandler
                0x08002404                FLASH_IRQHandler
                0x08002404                DMA2_Stream4_IRQHandler
                0x08002404                USART1_IRQHandler
                0x08002404                SPI3_IRQHandler
                0x08002404                WAKEUP_PIN_IRQHandler
                0x08002404                I2C1_ER_IRQHandler
                0x08002404                FMC_IRQHandler
                0x08002404                FDCAN_CAL_IRQHandler
                0x08002404                SWPMI1_IRQHandler
                0x08002404                COMP1_IRQHandler
                0x08002404                LPTIM1_IRQHandler
                0x08002404                DCMI_PSSI_IRQHandler
                0x08002404                I2C4_ER_IRQHandler
                0x08002404                DMA2_Stream6_IRQHandler
                0x08002404                SAI1_IRQHandler
 *fill*         0x08002406        0x2 
 .text.HAL_Init
                0x08002408       0x5c CMakeFiles/dm_h723_lib.elf.dir/Drivers/STM32H7xx_HAL_Driver/Src/stm32h7xx_hal.c.obj
                0x08002408                HAL_Init
 .text.HAL_IncTick
                0x08002464       0x18 CMakeFiles/dm_h723_lib.elf.dir/Drivers/STM32H7xx_HAL_Driver/Src/stm32h7xx_hal.c.obj
                0x08002464                HAL_IncTick
 .text.HAL_GetTick
                0x0800247c        0xc CMakeFiles/dm_h723_lib.elf.dir/Drivers/STM32H7xx_HAL_Driver/Src/stm32h7xx_hal.c.obj
                0x0800247c                HAL_GetTick
 .text.__NVIC_EnableIRQ
                0x08002488       0x1c CMakeFiles/dm_h723_lib.elf.dir/Drivers/STM32H7xx_HAL_Driver/Src/stm32h7xx_hal_cortex.c.obj
 .text.__NVIC_SetPriority
                0x080024a4       0x24 CMakeFiles/dm_h723_lib.elf.dir/Drivers/STM32H7xx_HAL_Driver/Src/stm32h7xx_hal_cortex.c.obj
 .text.NVIC_EncodePriority
                0x080024c8       0x3e CMakeFiles/dm_h723_lib.elf.dir/Drivers/STM32H7xx_HAL_Driver/Src/stm32h7xx_hal_cortex.c.obj
 *fill*         0x08002506        0x2 
 .text.HAL_NVIC_SetPriorityGrouping
                0x08002508       0x24 CMakeFiles/dm_h723_lib.elf.dir/Drivers/STM32H7xx_HAL_Driver/Src/stm32h7xx_hal_cortex.c.obj
                0x08002508                HAL_NVIC_SetPriorityGrouping
 .text.HAL_NVIC_SetPriority
                0x0800252c       0x20 CMakeFiles/dm_h723_lib.elf.dir/Drivers/STM32H7xx_HAL_Driver/Src/stm32h7xx_hal_cortex.c.obj
                0x0800252c                HAL_NVIC_SetPriority
 .text.HAL_NVIC_EnableIRQ
                0x0800254c        0x8 CMakeFiles/dm_h723_lib.elf.dir/Drivers/STM32H7xx_HAL_Driver/Src/stm32h7xx_hal_cortex.c.obj
                0x0800254c                HAL_NVIC_EnableIRQ
 .text.DMA_SetConfig
                0x08002554      0x1b4 CMakeFiles/dm_h723_lib.elf.dir/Drivers/STM32H7xx_HAL_Driver/Src/stm32h7xx_hal_dma.c.obj
 .text.DMA_CalcBaseAndBitshift
                0x08002708       0xb0 CMakeFiles/dm_h723_lib.elf.dir/Drivers/STM32H7xx_HAL_Driver/Src/stm32h7xx_hal_dma.c.obj
 .text.DMA_CheckFifoParam
                0x080027b8       0x92 CMakeFiles/dm_h723_lib.elf.dir/Drivers/STM32H7xx_HAL_Driver/Src/stm32h7xx_hal_dma.c.obj
 *fill*         0x0800284a        0x2 
 .text.DMA_CalcDMAMUXChannelBaseAndMask
                0x0800284c       0xac CMakeFiles/dm_h723_lib.elf.dir/Drivers/STM32H7xx_HAL_Driver/Src/stm32h7xx_hal_dma.c.obj
 .text.DMA_CalcDMAMUXRequestGenBaseAndMask
                0x080028f8       0x7c CMakeFiles/dm_h723_lib.elf.dir/Drivers/STM32H7xx_HAL_Driver/Src/stm32h7xx_hal_dma.c.obj
 .text.HAL_DMA_Init
                0x08002974      0x39c CMakeFiles/dm_h723_lib.elf.dir/Drivers/STM32H7xx_HAL_Driver/Src/stm32h7xx_hal_dma.c.obj
                0x08002974                HAL_DMA_Init
 .text.HAL_DMA_Start_IT
                0x08002d10      0x298 CMakeFiles/dm_h723_lib.elf.dir/Drivers/STM32H7xx_HAL_Driver/Src/stm32h7xx_hal_dma.c.obj
                0x08002d10                HAL_DMA_Start_IT
 .text.HAL_DMA_Abort
                0x08002fa8      0x340 CMakeFiles/dm_h723_lib.elf.dir/Drivers/STM32H7xx_HAL_Driver/Src/stm32h7xx_hal_dma.c.obj
                0x08002fa8                HAL_DMA_Abort
 .text.HAL_DMA_Abort_IT
                0x080032e8      0x270 CMakeFiles/dm_h723_lib.elf.dir/Drivers/STM32H7xx_HAL_Driver/Src/stm32h7xx_hal_dma.c.obj
                0x080032e8                HAL_DMA_Abort_IT
 .text.HAL_DMA_IRQHandler
                0x08003558      0x738 CMakeFiles/dm_h723_lib.elf.dir/Drivers/STM32H7xx_HAL_Driver/Src/stm32h7xx_hal_dma.c.obj
                0x08003558                HAL_DMA_IRQHandler
 .text.FDCAN_CalcultateRamBlockAddresses
                0x08003c90      0x1d4 CMakeFiles/dm_h723_lib.elf.dir/Drivers/STM32H7xx_HAL_Driver/Src/stm32h7xx_hal_fdcan.c.obj
 .text.FDCAN_CopyMessageToRAM
                0x08003e64       0x8c CMakeFiles/dm_h723_lib.elf.dir/Drivers/STM32H7xx_HAL_Driver/Src/stm32h7xx_hal_fdcan.c.obj
 .text.HAL_FDCAN_Init
                0x08003ef0      0x294 CMakeFiles/dm_h723_lib.elf.dir/Drivers/STM32H7xx_HAL_Driver/Src/stm32h7xx_hal_fdcan.c.obj
                0x08003ef0                HAL_FDCAN_Init
 .text.HAL_FDCAN_ConfigFilter
                0x08004184       0x8a CMakeFiles/dm_h723_lib.elf.dir/Drivers/STM32H7xx_HAL_Driver/Src/stm32h7xx_hal_fdcan.c.obj
                0x08004184                HAL_FDCAN_ConfigFilter
 .text.HAL_FDCAN_ConfigGlobalFilter
                0x0800420e       0x36 CMakeFiles/dm_h723_lib.elf.dir/Drivers/STM32H7xx_HAL_Driver/Src/stm32h7xx_hal_fdcan.c.obj
                0x0800420e                HAL_FDCAN_ConfigGlobalFilter
 .text.HAL_FDCAN_Start
                0x08004244       0x34 CMakeFiles/dm_h723_lib.elf.dir/Drivers/STM32H7xx_HAL_Driver/Src/stm32h7xx_hal_fdcan.c.obj
                0x08004244                HAL_FDCAN_Start
 .text.HAL_FDCAN_AddMessageToTxFifoQ
                0x08004278       0x76 CMakeFiles/dm_h723_lib.elf.dir/Drivers/STM32H7xx_HAL_Driver/Src/stm32h7xx_hal_fdcan.c.obj
                0x08004278                HAL_FDCAN_AddMessageToTxFifoQ
 *fill*         0x080042ee        0x2 
 .text.HAL_FDCAN_GetRxMessage
                0x080042f0      0x1e4 CMakeFiles/dm_h723_lib.elf.dir/Drivers/STM32H7xx_HAL_Driver/Src/stm32h7xx_hal_fdcan.c.obj
                0x080042f0                HAL_FDCAN_GetRxMessage
 .text.HAL_FDCAN_ActivateNotification
                0x080044d4       0x90 CMakeFiles/dm_h723_lib.elf.dir/Drivers/STM32H7xx_HAL_Driver/Src/stm32h7xx_hal_fdcan.c.obj
                0x080044d4                HAL_FDCAN_ActivateNotification
 .text.HAL_FDCAN_ClockCalibrationCallback
                0x08004564        0x2 CMakeFiles/dm_h723_lib.elf.dir/Drivers/STM32H7xx_HAL_Driver/Src/stm32h7xx_hal_fdcan.c.obj
                0x08004564                HAL_FDCAN_ClockCalibrationCallback
 .text.HAL_FDCAN_TxEventFifoCallback
                0x08004566        0x2 CMakeFiles/dm_h723_lib.elf.dir/Drivers/STM32H7xx_HAL_Driver/Src/stm32h7xx_hal_fdcan.c.obj
                0x08004566                HAL_FDCAN_TxEventFifoCallback
 .text.HAL_FDCAN_RxFifo1Callback
                0x08004568        0x2 CMakeFiles/dm_h723_lib.elf.dir/Drivers/STM32H7xx_HAL_Driver/Src/stm32h7xx_hal_fdcan.c.obj
                0x08004568                HAL_FDCAN_RxFifo1Callback
 .text.HAL_FDCAN_TxFifoEmptyCallback
                0x0800456a        0x2 CMakeFiles/dm_h723_lib.elf.dir/Drivers/STM32H7xx_HAL_Driver/Src/stm32h7xx_hal_fdcan.c.obj
                0x0800456a                HAL_FDCAN_TxFifoEmptyCallback
 .text.HAL_FDCAN_TxBufferCompleteCallback
                0x0800456c        0x2 CMakeFiles/dm_h723_lib.elf.dir/Drivers/STM32H7xx_HAL_Driver/Src/stm32h7xx_hal_fdcan.c.obj
                0x0800456c                HAL_FDCAN_TxBufferCompleteCallback
 .text.HAL_FDCAN_TxBufferAbortCallback
                0x0800456e        0x2 CMakeFiles/dm_h723_lib.elf.dir/Drivers/STM32H7xx_HAL_Driver/Src/stm32h7xx_hal_fdcan.c.obj
                0x0800456e                HAL_FDCAN_TxBufferAbortCallback
 .text.HAL_FDCAN_RxBufferNewMessageCallback
                0x08004570        0x2 CMakeFiles/dm_h723_lib.elf.dir/Drivers/STM32H7xx_HAL_Driver/Src/stm32h7xx_hal_fdcan.c.obj
                0x08004570                HAL_FDCAN_RxBufferNewMessageCallback
 .text.HAL_FDCAN_TimestampWraparoundCallback
                0x08004572        0x2 CMakeFiles/dm_h723_lib.elf.dir/Drivers/STM32H7xx_HAL_Driver/Src/stm32h7xx_hal_fdcan.c.obj
                0x08004572                HAL_FDCAN_TimestampWraparoundCallback
 .text.HAL_FDCAN_TimeoutOccurredCallback
                0x08004574        0x2 CMakeFiles/dm_h723_lib.elf.dir/Drivers/STM32H7xx_HAL_Driver/Src/stm32h7xx_hal_fdcan.c.obj
                0x08004574                HAL_FDCAN_TimeoutOccurredCallback
 .text.HAL_FDCAN_HighPriorityMessageCallback
                0x08004576        0x2 CMakeFiles/dm_h723_lib.elf.dir/Drivers/STM32H7xx_HAL_Driver/Src/stm32h7xx_hal_fdcan.c.obj
                0x08004576                HAL_FDCAN_HighPriorityMessageCallback
 .text.HAL_FDCAN_ErrorCallback
                0x08004578        0x2 CMakeFiles/dm_h723_lib.elf.dir/Drivers/STM32H7xx_HAL_Driver/Src/stm32h7xx_hal_fdcan.c.obj
                0x08004578                HAL_FDCAN_ErrorCallback
 .text.HAL_FDCAN_ErrorStatusCallback
                0x0800457a        0x2 CMakeFiles/dm_h723_lib.elf.dir/Drivers/STM32H7xx_HAL_Driver/Src/stm32h7xx_hal_fdcan.c.obj
                0x0800457a                HAL_FDCAN_ErrorStatusCallback
 .text.HAL_FDCAN_TT_ScheduleSyncCallback
                0x0800457c        0x2 CMakeFiles/dm_h723_lib.elf.dir/Drivers/STM32H7xx_HAL_Driver/Src/stm32h7xx_hal_fdcan.c.obj
                0x0800457c                HAL_FDCAN_TT_ScheduleSyncCallback
 .text.HAL_FDCAN_TT_TimeMarkCallback
                0x0800457e        0x2 CMakeFiles/dm_h723_lib.elf.dir/Drivers/STM32H7xx_HAL_Driver/Src/stm32h7xx_hal_fdcan.c.obj
                0x0800457e                HAL_FDCAN_TT_TimeMarkCallback
 .text.HAL_FDCAN_TT_StopWatchCallback
                0x08004580        0x2 CMakeFiles/dm_h723_lib.elf.dir/Drivers/STM32H7xx_HAL_Driver/Src/stm32h7xx_hal_fdcan.c.obj
                0x08004580                HAL_FDCAN_TT_StopWatchCallback
 .text.HAL_FDCAN_TT_GlobalTimeCallback
                0x08004582        0x2 CMakeFiles/dm_h723_lib.elf.dir/Drivers/STM32H7xx_HAL_Driver/Src/stm32h7xx_hal_fdcan.c.obj
                0x08004582                HAL_FDCAN_TT_GlobalTimeCallback
 .text.HAL_FDCAN_IRQHandler
                0x08004584      0x320 CMakeFiles/dm_h723_lib.elf.dir/Drivers/STM32H7xx_HAL_Driver/Src/stm32h7xx_hal_fdcan.c.obj
                0x08004584                HAL_FDCAN_IRQHandler
 .text.HAL_GPIO_Init
                0x080048a4      0x214 CMakeFiles/dm_h723_lib.elf.dir/Drivers/STM32H7xx_HAL_Driver/Src/stm32h7xx_hal_gpio.c.obj
                0x080048a4                HAL_GPIO_Init
 .text.HAL_GPIO_WritePin
                0x08004ab8        0xc CMakeFiles/dm_h723_lib.elf.dir/Drivers/STM32H7xx_HAL_Driver/Src/stm32h7xx_hal_gpio.c.obj
                0x08004ab8                HAL_GPIO_WritePin
 .text.HAL_PWREx_ConfigSupply
                0x08004ac4       0x54 CMakeFiles/dm_h723_lib.elf.dir/Drivers/STM32H7xx_HAL_Driver/Src/stm32h7xx_hal_pwr_ex.c.obj
                0x08004ac4                HAL_PWREx_ConfigSupply
 .text.HAL_RCC_OscConfig
                0x08004b18      0x5e4 CMakeFiles/dm_h723_lib.elf.dir/Drivers/STM32H7xx_HAL_Driver/Src/stm32h7xx_hal_rcc.c.obj
                0x08004b18                HAL_RCC_OscConfig
 .text.HAL_RCC_GetSysClockFreq
                0x080050fc      0x1f8 CMakeFiles/dm_h723_lib.elf.dir/Drivers/STM32H7xx_HAL_Driver/Src/stm32h7xx_hal_rcc.c.obj
                0x080050fc                HAL_RCC_GetSysClockFreq
 .text.HAL_RCC_ClockConfig
                0x080052f4      0x294 CMakeFiles/dm_h723_lib.elf.dir/Drivers/STM32H7xx_HAL_Driver/Src/stm32h7xx_hal_rcc.c.obj
                0x080052f4                HAL_RCC_ClockConfig
 .text.HAL_RCC_GetHCLKFreq
                0x08005588       0x44 CMakeFiles/dm_h723_lib.elf.dir/Drivers/STM32H7xx_HAL_Driver/Src/stm32h7xx_hal_rcc.c.obj
                0x08005588                HAL_RCC_GetHCLKFreq
 .text.HAL_RCC_GetPCLK1Freq
                0x080055cc       0x24 CMakeFiles/dm_h723_lib.elf.dir/Drivers/STM32H7xx_HAL_Driver/Src/stm32h7xx_hal_rcc.c.obj
                0x080055cc                HAL_RCC_GetPCLK1Freq
 .text.HAL_RCC_GetPCLK2Freq
                0x080055f0       0x24 CMakeFiles/dm_h723_lib.elf.dir/Drivers/STM32H7xx_HAL_Driver/Src/stm32h7xx_hal_rcc.c.obj
                0x080055f0                HAL_RCC_GetPCLK2Freq
 .text.HAL_RCC_GetClockConfig
                0x08005614       0x54 CMakeFiles/dm_h723_lib.elf.dir/Drivers/STM32H7xx_HAL_Driver/Src/stm32h7xx_hal_rcc.c.obj
                0x08005614                HAL_RCC_GetClockConfig
 .text.RCCEx_PLL2_Config
                0x08005668      0x108 CMakeFiles/dm_h723_lib.elf.dir/Drivers/STM32H7xx_HAL_Driver/Src/stm32h7xx_hal_rcc_ex.c.obj
 .text.RCCEx_PLL3_Config
                0x08005770      0x108 CMakeFiles/dm_h723_lib.elf.dir/Drivers/STM32H7xx_HAL_Driver/Src/stm32h7xx_hal_rcc_ex.c.obj
 .text.HAL_RCCEx_PeriphCLKConfig
                0x08005878      0xa2c CMakeFiles/dm_h723_lib.elf.dir/Drivers/STM32H7xx_HAL_Driver/Src/stm32h7xx_hal_rcc_ex.c.obj
                0x08005878                HAL_RCCEx_PeriphCLKConfig
 .text.HAL_RCCEx_GetD3PCLK1Freq
                0x080062a4       0x24 CMakeFiles/dm_h723_lib.elf.dir/Drivers/STM32H7xx_HAL_Driver/Src/stm32h7xx_hal_rcc_ex.c.obj
                0x080062a4                HAL_RCCEx_GetD3PCLK1Freq
 .text.HAL_RCCEx_GetPLL2ClockFreq
                0x080062c8      0x200 CMakeFiles/dm_h723_lib.elf.dir/Drivers/STM32H7xx_HAL_Driver/Src/stm32h7xx_hal_rcc_ex.c.obj
                0x080062c8                HAL_RCCEx_GetPLL2ClockFreq
 .text.HAL_RCCEx_GetPLL3ClockFreq
                0x080064c8      0x200 CMakeFiles/dm_h723_lib.elf.dir/Drivers/STM32H7xx_HAL_Driver/Src/stm32h7xx_hal_rcc_ex.c.obj
                0x080064c8                HAL_RCCEx_GetPLL3ClockFreq
 .text.SPI_CloseTransfer
                0x080066c8       0xd0 CMakeFiles/dm_h723_lib.elf.dir/Drivers/STM32H7xx_HAL_Driver/Src/stm32h7xx_hal_spi.c.obj
 .text.SPI_GetPacketSize
                0x08006798       0x10 CMakeFiles/dm_h723_lib.elf.dir/Drivers/STM32H7xx_HAL_Driver/Src/stm32h7xx_hal_spi.c.obj
 .text.SPI_WaitOnFlagUntilTimeout
                0x080067a8       0x48 CMakeFiles/dm_h723_lib.elf.dir/Drivers/STM32H7xx_HAL_Driver/Src/stm32h7xx_hal_spi.c.obj
 .text.HAL_SPI_Init
                0x080067f0      0x190 CMakeFiles/dm_h723_lib.elf.dir/Drivers/STM32H7xx_HAL_Driver/Src/stm32h7xx_hal_spi.c.obj
                0x080067f0                HAL_SPI_Init
 .text.HAL_SPI_Transmit
                0x08006980      0x2c0 CMakeFiles/dm_h723_lib.elf.dir/Drivers/STM32H7xx_HAL_Driver/Src/stm32h7xx_hal_spi.c.obj
                0x08006980                HAL_SPI_Transmit
 .text.HAL_SPI_TransmitReceive
                0x08006c40      0x490 CMakeFiles/dm_h723_lib.elf.dir/Drivers/STM32H7xx_HAL_Driver/Src/stm32h7xx_hal_spi.c.obj
                0x08006c40                HAL_SPI_TransmitReceive
 .text.HAL_SPI_TxCpltCallback
                0x080070d0        0x2 CMakeFiles/dm_h723_lib.elf.dir/Drivers/STM32H7xx_HAL_Driver/Src/stm32h7xx_hal_spi.c.obj
                0x080070d0                HAL_SPI_TxCpltCallback
 .text.HAL_SPI_RxCpltCallback
                0x080070d2        0x2 CMakeFiles/dm_h723_lib.elf.dir/Drivers/STM32H7xx_HAL_Driver/Src/stm32h7xx_hal_spi.c.obj
                0x080070d2                HAL_SPI_RxCpltCallback
 .text.HAL_SPI_TxRxCpltCallback
                0x080070d4        0x2 CMakeFiles/dm_h723_lib.elf.dir/Drivers/STM32H7xx_HAL_Driver/Src/stm32h7xx_hal_spi.c.obj
                0x080070d4                HAL_SPI_TxRxCpltCallback
 .text.HAL_SPI_ErrorCallback
                0x080070d6        0x2 CMakeFiles/dm_h723_lib.elf.dir/Drivers/STM32H7xx_HAL_Driver/Src/stm32h7xx_hal_spi.c.obj
                0x080070d6                HAL_SPI_ErrorCallback
 .text.SPI_DMAAbortOnError
                0x080070d8       0x1a CMakeFiles/dm_h723_lib.elf.dir/Drivers/STM32H7xx_HAL_Driver/Src/stm32h7xx_hal_spi.c.obj
 .text.HAL_SPI_SuspendCallback
                0x080070f2        0x2 CMakeFiles/dm_h723_lib.elf.dir/Drivers/STM32H7xx_HAL_Driver/Src/stm32h7xx_hal_spi.c.obj
                0x080070f2                HAL_SPI_SuspendCallback
 .text.HAL_SPI_IRQHandler
                0x080070f4      0x240 CMakeFiles/dm_h723_lib.elf.dir/Drivers/STM32H7xx_HAL_Driver/Src/stm32h7xx_hal_spi.c.obj
                0x080070f4                HAL_SPI_IRQHandler
 .text.HAL_TIM_Base_MspInit
                0x08007334        0x2 CMakeFiles/dm_h723_lib.elf.dir/Drivers/STM32H7xx_HAL_Driver/Src/stm32h7xx_hal_tim.c.obj
                0x08007334                HAL_TIM_Base_MspInit
 *fill*         0x08007336        0x2 
 .text.HAL_TIM_Base_Start_IT
                0x08007338       0xa0 CMakeFiles/dm_h723_lib.elf.dir/Drivers/STM32H7xx_HAL_Driver/Src/stm32h7xx_hal_tim.c.obj
                0x08007338                HAL_TIM_Base_Start_IT
 .text.HAL_TIM_OC_DelayElapsedCallback
                0x080073d8        0x2 CMakeFiles/dm_h723_lib.elf.dir/Drivers/STM32H7xx_HAL_Driver/Src/stm32h7xx_hal_tim.c.obj
                0x080073d8                HAL_TIM_OC_DelayElapsedCallback
 .text.HAL_TIM_IC_CaptureCallback
                0x080073da        0x2 CMakeFiles/dm_h723_lib.elf.dir/Drivers/STM32H7xx_HAL_Driver/Src/stm32h7xx_hal_tim.c.obj
                0x080073da                HAL_TIM_IC_CaptureCallback
 .text.HAL_TIM_PWM_PulseFinishedCallback
                0x080073dc        0x2 CMakeFiles/dm_h723_lib.elf.dir/Drivers/STM32H7xx_HAL_Driver/Src/stm32h7xx_hal_tim.c.obj
                0x080073dc                HAL_TIM_PWM_PulseFinishedCallback
 .text.HAL_TIM_TriggerCallback
                0x080073de        0x2 CMakeFiles/dm_h723_lib.elf.dir/Drivers/STM32H7xx_HAL_Driver/Src/stm32h7xx_hal_tim.c.obj
                0x080073de                HAL_TIM_TriggerCallback
 .text.HAL_TIM_IRQHandler
                0x080073e0      0x17a CMakeFiles/dm_h723_lib.elf.dir/Drivers/STM32H7xx_HAL_Driver/Src/stm32h7xx_hal_tim.c.obj
                0x080073e0                HAL_TIM_IRQHandler
 *fill*         0x0800755a        0x2 
 .text.TIM_Base_SetConfig
                0x0800755c      0x130 CMakeFiles/dm_h723_lib.elf.dir/Drivers/STM32H7xx_HAL_Driver/Src/stm32h7xx_hal_tim.c.obj
                0x0800755c                TIM_Base_SetConfig
 .text.HAL_TIM_Base_Init
                0x0800768c       0x60 CMakeFiles/dm_h723_lib.elf.dir/Drivers/STM32H7xx_HAL_Driver/Src/stm32h7xx_hal_tim.c.obj
                0x0800768c                HAL_TIM_Base_Init
 .text.HAL_TIMEx_CommutCallback
                0x080076ec        0x2 CMakeFiles/dm_h723_lib.elf.dir/Drivers/STM32H7xx_HAL_Driver/Src/stm32h7xx_hal_tim_ex.c.obj
                0x080076ec                HAL_TIMEx_CommutCallback
 .text.HAL_TIMEx_BreakCallback
                0x080076ee        0x2 CMakeFiles/dm_h723_lib.elf.dir/Drivers/STM32H7xx_HAL_Driver/Src/stm32h7xx_hal_tim_ex.c.obj
                0x080076ee                HAL_TIMEx_BreakCallback
 .text.HAL_TIMEx_Break2Callback
                0x080076f0        0x2 CMakeFiles/dm_h723_lib.elf.dir/Drivers/STM32H7xx_HAL_Driver/Src/stm32h7xx_hal_tim_ex.c.obj
                0x080076f0                HAL_TIMEx_Break2Callback
 .text.UART_EndTxTransfer
                0x080076f2       0x32 CMakeFiles/dm_h723_lib.elf.dir/Drivers/STM32H7xx_HAL_Driver/Src/stm32h7xx_hal_uart.c.obj
 .text.UART_EndRxTransfer
                0x08007724       0x58 CMakeFiles/dm_h723_lib.elf.dir/Drivers/STM32H7xx_HAL_Driver/Src/stm32h7xx_hal_uart.c.obj
 .text.UART_TxISR_8BIT
                0x0800777c       0x56 CMakeFiles/dm_h723_lib.elf.dir/Drivers/STM32H7xx_HAL_Driver/Src/stm32h7xx_hal_uart.c.obj
 .text.UART_TxISR_16BIT
                0x080077d2       0x5a CMakeFiles/dm_h723_lib.elf.dir/Drivers/STM32H7xx_HAL_Driver/Src/stm32h7xx_hal_uart.c.obj
 .text.UART_TxISR_8BIT_FIFOEN
                0x0800782c       0x74 CMakeFiles/dm_h723_lib.elf.dir/Drivers/STM32H7xx_HAL_Driver/Src/stm32h7xx_hal_uart.c.obj
 .text.UART_TxISR_16BIT_FIFOEN
                0x080078a0       0x78 CMakeFiles/dm_h723_lib.elf.dir/Drivers/STM32H7xx_HAL_Driver/Src/stm32h7xx_hal_uart.c.obj
 .text.HAL_UART_Transmit_IT
                0x08007918       0xa8 CMakeFiles/dm_h723_lib.elf.dir/Drivers/STM32H7xx_HAL_Driver/Src/stm32h7xx_hal_uart.c.obj
                0x08007918                HAL_UART_Transmit_IT
 .text.HAL_UART_TxCpltCallback
                0x080079c0        0x2 CMakeFiles/dm_h723_lib.elf.dir/Drivers/STM32H7xx_HAL_Driver/Src/stm32h7xx_hal_uart.c.obj
                0x080079c0                HAL_UART_TxCpltCallback
 .text.UART_EndTransmit_IT
                0x080079c2       0x24 CMakeFiles/dm_h723_lib.elf.dir/Drivers/STM32H7xx_HAL_Driver/Src/stm32h7xx_hal_uart.c.obj
 .text.HAL_UART_RxHalfCpltCallback
                0x080079e6        0x2 CMakeFiles/dm_h723_lib.elf.dir/Drivers/STM32H7xx_HAL_Driver/Src/stm32h7xx_hal_uart.c.obj
                0x080079e6                HAL_UART_RxHalfCpltCallback
 .text.UART_DMAError
                0x080079e8       0x58 CMakeFiles/dm_h723_lib.elf.dir/Drivers/STM32H7xx_HAL_Driver/Src/stm32h7xx_hal_uart.c.obj
 .text.UART_DMAAbortOnError
                0x08007a40       0x14 CMakeFiles/dm_h723_lib.elf.dir/Drivers/STM32H7xx_HAL_Driver/Src/stm32h7xx_hal_uart.c.obj
 .text.HAL_UART_IRQHandler
                0x08007a54      0x3b4 CMakeFiles/dm_h723_lib.elf.dir/Drivers/STM32H7xx_HAL_Driver/Src/stm32h7xx_hal_uart.c.obj
                0x08007a54                HAL_UART_IRQHandler
 .text.UART_DMARxHalfCplt
                0x08007e08       0x20 CMakeFiles/dm_h723_lib.elf.dir/Drivers/STM32H7xx_HAL_Driver/Src/stm32h7xx_hal_uart.c.obj
 .text.UART_DMAReceiveCplt
                0x08007e28       0x90 CMakeFiles/dm_h723_lib.elf.dir/Drivers/STM32H7xx_HAL_Driver/Src/stm32h7xx_hal_uart.c.obj
 .text.UART_SetConfig
                0x08007eb8      0x6c4 CMakeFiles/dm_h723_lib.elf.dir/Drivers/STM32H7xx_HAL_Driver/Src/stm32h7xx_hal_uart.c.obj
                0x08007eb8                UART_SetConfig
 .text.UART_AdvFeatureConfig
                0x0800857c       0xca CMakeFiles/dm_h723_lib.elf.dir/Drivers/STM32H7xx_HAL_Driver/Src/stm32h7xx_hal_uart.c.obj
                0x0800857c                UART_AdvFeatureConfig
 .text.UART_WaitOnFlagUntilTimeout
                0x08008646       0xa6 CMakeFiles/dm_h723_lib.elf.dir/Drivers/STM32H7xx_HAL_Driver/Src/stm32h7xx_hal_uart.c.obj
                0x08008646                UART_WaitOnFlagUntilTimeout
 .text.HAL_UART_Transmit
                0x080086ec       0xd0 CMakeFiles/dm_h723_lib.elf.dir/Drivers/STM32H7xx_HAL_Driver/Src/stm32h7xx_hal_uart.c.obj
                0x080086ec                HAL_UART_Transmit
 .text.UART_CheckIdleState
                0x080087bc       0xca CMakeFiles/dm_h723_lib.elf.dir/Drivers/STM32H7xx_HAL_Driver/Src/stm32h7xx_hal_uart.c.obj
                0x080087bc                UART_CheckIdleState
 .text.HAL_UART_Init
                0x08008886       0x66 CMakeFiles/dm_h723_lib.elf.dir/Drivers/STM32H7xx_HAL_Driver/Src/stm32h7xx_hal_uart.c.obj
                0x08008886                HAL_UART_Init
 .text.UART_Start_Receive_DMA
                0x080088ec       0xb0 CMakeFiles/dm_h723_lib.elf.dir/Drivers/STM32H7xx_HAL_Driver/Src/stm32h7xx_hal_uart.c.obj
                0x080088ec                UART_Start_Receive_DMA
 .text.HAL_UART_Receive_DMA
                0x0800899c       0x4c CMakeFiles/dm_h723_lib.elf.dir/Drivers/STM32H7xx_HAL_Driver/Src/stm32h7xx_hal_uart.c.obj
                0x0800899c                HAL_UART_Receive_DMA
 .text.UARTEx_SetNbDataToProcess
                0x080089e8       0x4c CMakeFiles/dm_h723_lib.elf.dir/Drivers/STM32H7xx_HAL_Driver/Src/stm32h7xx_hal_uart_ex.c.obj
 .text.HAL_UARTEx_WakeupCallback
                0x08008a34        0x2 CMakeFiles/dm_h723_lib.elf.dir/Drivers/STM32H7xx_HAL_Driver/Src/stm32h7xx_hal_uart_ex.c.obj
                0x08008a34                HAL_UARTEx_WakeupCallback
 .text.HAL_UARTEx_RxFifoFullCallback
                0x08008a36        0x2 CMakeFiles/dm_h723_lib.elf.dir/Drivers/STM32H7xx_HAL_Driver/Src/stm32h7xx_hal_uart_ex.c.obj
                0x08008a36                HAL_UARTEx_RxFifoFullCallback
 .text.HAL_UARTEx_TxFifoEmptyCallback
                0x08008a38        0x2 CMakeFiles/dm_h723_lib.elf.dir/Drivers/STM32H7xx_HAL_Driver/Src/stm32h7xx_hal_uart_ex.c.obj
                0x08008a38                HAL_UARTEx_TxFifoEmptyCallback
 .text.HAL_UARTEx_DisableFifoMode
                0x08008a3a       0x3e CMakeFiles/dm_h723_lib.elf.dir/Drivers/STM32H7xx_HAL_Driver/Src/stm32h7xx_hal_uart_ex.c.obj
                0x08008a3a                HAL_UARTEx_DisableFifoMode
 .text.HAL_UARTEx_SetTxFifoThreshold
                0x08008a78       0x4a CMakeFiles/dm_h723_lib.elf.dir/Drivers/STM32H7xx_HAL_Driver/Src/stm32h7xx_hal_uart_ex.c.obj
                0x08008a78                HAL_UARTEx_SetTxFifoThreshold
 .text.HAL_UARTEx_SetRxFifoThreshold
                0x08008ac2       0x4a CMakeFiles/dm_h723_lib.elf.dir/Drivers/STM32H7xx_HAL_Driver/Src/stm32h7xx_hal_uart_ex.c.obj
                0x08008ac2                HAL_UARTEx_SetRxFifoThreshold
 .text.HAL_UARTEx_ReceiveToIdle_DMA
                0x08008b0c       0x50 CMakeFiles/dm_h723_lib.elf.dir/Drivers/STM32H7xx_HAL_Driver/Src/stm32h7xx_hal_uart_ex.c.obj
                0x08008b0c                HAL_UARTEx_ReceiveToIdle_DMA
 .text.makeFreeRtosPriority
                0x08008b5c        0xc CMakeFiles/dm_h723_lib.elf.dir/Middlewares/Third_Party/FreeRTOS/Source/CMSIS_RTOS/cmsis_os.c.obj
 .text.osKernelStart
                0x08008b68        0xa CMakeFiles/dm_h723_lib.elf.dir/Middlewares/Third_Party/FreeRTOS/Source/CMSIS_RTOS/cmsis_os.c.obj
                0x08008b68                osKernelStart
 .text.osThreadCreate
                0x08008b72       0x66 CMakeFiles/dm_h723_lib.elf.dir/Middlewares/Third_Party/FreeRTOS/Source/CMSIS_RTOS/cmsis_os.c.obj
                0x08008b72                osThreadCreate
 .text.osDelay  0x08008bd8        0xe CMakeFiles/dm_h723_lib.elf.dir/Middlewares/Third_Party/FreeRTOS/Source/CMSIS_RTOS/cmsis_os.c.obj
                0x08008bd8                osDelay
 .text.vListInitialise
                0x08008be6       0x16 CMakeFiles/dm_h723_lib.elf.dir/Middlewares/Third_Party/FreeRTOS/Source/list.c.obj
                0x08008be6                vListInitialise
 .text.vListInitialiseItem
                0x08008bfc        0x6 CMakeFiles/dm_h723_lib.elf.dir/Middlewares/Third_Party/FreeRTOS/Source/list.c.obj
                0x08008bfc                vListInitialiseItem
 .text.vListInsertEnd
                0x08008c02       0x16 CMakeFiles/dm_h723_lib.elf.dir/Middlewares/Third_Party/FreeRTOS/Source/list.c.obj
                0x08008c02                vListInsertEnd
 .text.vListInsert
                0x08008c18       0x32 CMakeFiles/dm_h723_lib.elf.dir/Middlewares/Third_Party/FreeRTOS/Source/list.c.obj
                0x08008c18                vListInsert
 .text.uxListRemove
                0x08008c4a       0x26 CMakeFiles/dm_h723_lib.elf.dir/Middlewares/Third_Party/FreeRTOS/Source/list.c.obj
                0x08008c4a                uxListRemove
 .text.prvTaskExitError
                0x08008c70       0x40 CMakeFiles/dm_h723_lib.elf.dir/Middlewares/Third_Party/FreeRTOS/Source/portable/GCC/ARM_CM4F/port.c.obj
 .text.prvPortStartFirstTask
                0x08008cb0       0x28 CMakeFiles/dm_h723_lib.elf.dir/Middlewares/Third_Party/FreeRTOS/Source/portable/GCC/ARM_CM4F/port.c.obj
 .text.vPortEnableVFP
                0x08008cd8       0x14 CMakeFiles/dm_h723_lib.elf.dir/Middlewares/Third_Party/FreeRTOS/Source/portable/GCC/ARM_CM4F/port.c.obj
 .text.pxPortInitialiseStack
                0x08008cec       0x2c CMakeFiles/dm_h723_lib.elf.dir/Middlewares/Third_Party/FreeRTOS/Source/portable/GCC/ARM_CM4F/port.c.obj
                0x08008cec                pxPortInitialiseStack
 *fill*         0x08008d18        0x8 
 .text.SVC_Handler
                0x08008d20       0x24 CMakeFiles/dm_h723_lib.elf.dir/Middlewares/Third_Party/FreeRTOS/Source/portable/GCC/ARM_CM4F/port.c.obj
                0x08008d20                SVC_Handler
 .text.vPortEnterCritical
                0x08008d44       0x44 CMakeFiles/dm_h723_lib.elf.dir/Middlewares/Third_Party/FreeRTOS/Source/portable/GCC/ARM_CM4F/port.c.obj
                0x08008d44                vPortEnterCritical
 .text.vPortExitCritical
                0x08008d88       0x2c CMakeFiles/dm_h723_lib.elf.dir/Middlewares/Third_Party/FreeRTOS/Source/portable/GCC/ARM_CM4F/port.c.obj
                0x08008d88                vPortExitCritical
 *fill*         0x08008db4        0xc 
 .text.PendSV_Handler
                0x08008dc0       0x64 CMakeFiles/dm_h723_lib.elf.dir/Middlewares/Third_Party/FreeRTOS/Source/portable/GCC/ARM_CM4F/port.c.obj
                0x08008dc0                PendSV_Handler
 .text.SysTick_Handler
                0x08008e24       0x2c CMakeFiles/dm_h723_lib.elf.dir/Middlewares/Third_Party/FreeRTOS/Source/portable/GCC/ARM_CM4F/port.c.obj
                0x08008e24                SysTick_Handler
 .text.vPortSetupTimerInterrupt
                0x08008e50       0x28 CMakeFiles/dm_h723_lib.elf.dir/Middlewares/Third_Party/FreeRTOS/Source/portable/GCC/ARM_CM4F/port.c.obj
                0x08008e50                vPortSetupTimerInterrupt
 .text.xPortStartScheduler
                0x08008e78      0x118 CMakeFiles/dm_h723_lib.elf.dir/Middlewares/Third_Party/FreeRTOS/Source/portable/GCC/ARM_CM4F/port.c.obj
                0x08008e78                xPortStartScheduler
 .text.prvHeapInit
                0x08008f90       0x68 CMakeFiles/dm_h723_lib.elf.dir/Middlewares/Third_Party/FreeRTOS/Source/portable/MemMang/heap_4.c.obj
 .text.prvInsertBlockIntoFreeList
                0x08008ff8       0x64 CMakeFiles/dm_h723_lib.elf.dir/Middlewares/Third_Party/FreeRTOS/Source/portable/MemMang/heap_4.c.obj
 .text.pvPortMalloc
                0x0800905c      0x104 CMakeFiles/dm_h723_lib.elf.dir/Middlewares/Third_Party/FreeRTOS/Source/portable/MemMang/heap_4.c.obj
                0x0800905c                pvPortMalloc
 .text.vPortFree
                0x08009160       0x7c CMakeFiles/dm_h723_lib.elf.dir/Middlewares/Third_Party/FreeRTOS/Source/portable/MemMang/heap_4.c.obj
                0x08009160                vPortFree
 .text.prvResetNextTaskUnblockTime
                0x080091dc       0x2c CMakeFiles/dm_h723_lib.elf.dir/Middlewares/Third_Party/FreeRTOS/Source/tasks.c.obj
 .text.prvInitialiseNewTask
                0x08009208       0xfc CMakeFiles/dm_h723_lib.elf.dir/Middlewares/Third_Party/FreeRTOS/Source/tasks.c.obj
 .text.prvInitialiseTaskLists
                0x08009304       0x68 CMakeFiles/dm_h723_lib.elf.dir/Middlewares/Third_Party/FreeRTOS/Source/tasks.c.obj
 .text.prvAddNewTaskToReadyList
                0x0800936c       0xa8 CMakeFiles/dm_h723_lib.elf.dir/Middlewares/Third_Party/FreeRTOS/Source/tasks.c.obj
 .text.prvDeleteTCB
                0x08009414       0x40 CMakeFiles/dm_h723_lib.elf.dir/Middlewares/Third_Party/FreeRTOS/Source/tasks.c.obj
 .text.prvCheckTasksWaitingTermination
                0x08009454       0x4c CMakeFiles/dm_h723_lib.elf.dir/Middlewares/Third_Party/FreeRTOS/Source/tasks.c.obj
 .text.prvIdleTask
                0x080094a0       0x28 CMakeFiles/dm_h723_lib.elf.dir/Middlewares/Third_Party/FreeRTOS/Source/tasks.c.obj
 .text.prvAddCurrentTaskToDelayedList
                0x080094c8       0xa0 CMakeFiles/dm_h723_lib.elf.dir/Middlewares/Third_Party/FreeRTOS/Source/tasks.c.obj
 .text.xTaskCreateStatic
                0x08009568       0x7a CMakeFiles/dm_h723_lib.elf.dir/Middlewares/Third_Party/FreeRTOS/Source/tasks.c.obj
                0x08009568                xTaskCreateStatic
 .text.xTaskCreate
                0x080095e2       0x66 CMakeFiles/dm_h723_lib.elf.dir/Middlewares/Third_Party/FreeRTOS/Source/tasks.c.obj
                0x080095e2                xTaskCreate
 .text.vTaskStartScheduler
                0x08009648       0x84 CMakeFiles/dm_h723_lib.elf.dir/Middlewares/Third_Party/FreeRTOS/Source/tasks.c.obj
                0x08009648                vTaskStartScheduler
 .text.vTaskSuspendAll
                0x080096cc       0x10 CMakeFiles/dm_h723_lib.elf.dir/Middlewares/Third_Party/FreeRTOS/Source/tasks.c.obj
                0x080096cc                vTaskSuspendAll
 .text.xTaskIncrementTick
                0x080096dc      0x118 CMakeFiles/dm_h723_lib.elf.dir/Middlewares/Third_Party/FreeRTOS/Source/tasks.c.obj
                0x080096dc                xTaskIncrementTick
 .text.xTaskResumeAll
                0x080097f4       0xf8 CMakeFiles/dm_h723_lib.elf.dir/Middlewares/Third_Party/FreeRTOS/Source/tasks.c.obj
                0x080097f4                xTaskResumeAll
 .text.vTaskDelay
                0x080098ec       0x4c CMakeFiles/dm_h723_lib.elf.dir/Middlewares/Third_Party/FreeRTOS/Source/tasks.c.obj
                0x080098ec                vTaskDelay
 .text.vTaskSwitchContext
                0x08009938       0xa4 CMakeFiles/dm_h723_lib.elf.dir/Middlewares/Third_Party/FreeRTOS/Source/tasks.c.obj
                0x08009938                vTaskSwitchContext
 .text.auto_aim_communication_data_parse
                0x080099dc       0x74 CMakeFiles/dm_h723_lib.elf.dir/code_mf/Src/AUTO_AIM_TASK.c.obj
                0x080099dc                auto_aim_communication_data_parse
 .text.sent_data_update
                0x08009a50       0x54 CMakeFiles/dm_h723_lib.elf.dir/code_mf/Src/AUTO_AIM_TASK.c.obj
                0x08009a50                sent_data_update
 .text.AUTO_AIM_TASK
                0x08009aa4        0xe CMakeFiles/dm_h723_lib.elf.dir/code_mf/Src/AUTO_AIM_TASK.c.obj
                0x08009aa4                AUTO_AIM_TASK
 *fill*         0x08009ab2        0x2 
 .text.DWT_Init
                0x08009ab4       0x30 CMakeFiles/dm_h723_lib.elf.dir/code_mf/Src/BMI088Middleware.c.obj
                0x08009ab4                DWT_Init
 .text.BMI088_GPIO_init
                0x08009ae4        0x2 CMakeFiles/dm_h723_lib.elf.dir/code_mf/Src/BMI088Middleware.c.obj
                0x08009ae4                BMI088_GPIO_init
 .text.BMI088_com_init
                0x08009ae6        0x8 CMakeFiles/dm_h723_lib.elf.dir/code_mf/Src/BMI088Middleware.c.obj
                0x08009ae6                BMI088_com_init
 *fill*         0x08009aee        0x2 
 .text.BMI088_delay_us
                0x08009af0       0x2c CMakeFiles/dm_h723_lib.elf.dir/code_mf/Src/BMI088Middleware.c.obj
                0x08009af0                BMI088_delay_us
 .text.BMI088_delay_ms
                0x08009b1c       0x18 CMakeFiles/dm_h723_lib.elf.dir/code_mf/Src/BMI088Middleware.c.obj
                0x08009b1c                BMI088_delay_ms
 .text.BMI088_ACCEL_NS_L
                0x08009b34       0x14 CMakeFiles/dm_h723_lib.elf.dir/code_mf/Src/BMI088Middleware.c.obj
                0x08009b34                BMI088_ACCEL_NS_L
 .text.BMI088_ACCEL_NS_H
                0x08009b48       0x14 CMakeFiles/dm_h723_lib.elf.dir/code_mf/Src/BMI088Middleware.c.obj
                0x08009b48                BMI088_ACCEL_NS_H
 .text.BMI088_GYRO_NS_L
                0x08009b5c       0x14 CMakeFiles/dm_h723_lib.elf.dir/code_mf/Src/BMI088Middleware.c.obj
                0x08009b5c                BMI088_GYRO_NS_L
 .text.BMI088_GYRO_NS_H
                0x08009b70       0x14 CMakeFiles/dm_h723_lib.elf.dir/code_mf/Src/BMI088Middleware.c.obj
                0x08009b70                BMI088_GYRO_NS_H
 .text.BMI088_read_write_byte
                0x08009b84       0x2c CMakeFiles/dm_h723_lib.elf.dir/code_mf/Src/BMI088Middleware.c.obj
                0x08009b84                BMI088_read_write_byte
 .text.BMI088_write_single_reg
                0x08009bb0       0x10 CMakeFiles/dm_h723_lib.elf.dir/code_mf/Src/BMI088driver.c.obj
 .text.BMI088_read_single_reg
                0x08009bc0       0x16 CMakeFiles/dm_h723_lib.elf.dir/code_mf/Src/BMI088driver.c.obj
 .text.BMI088_read_muli_reg
                0x08009bd6       0x24 CMakeFiles/dm_h723_lib.elf.dir/code_mf/Src/BMI088driver.c.obj
 *fill*         0x08009bfa        0x2 
 .text.bmi088_accel_init
                0x08009bfc      0x10c CMakeFiles/dm_h723_lib.elf.dir/code_mf/Src/BMI088driver.c.obj
                0x08009bfc                bmi088_accel_init
 .text.bmi088_gyro_init
                0x08009d08       0xf0 CMakeFiles/dm_h723_lib.elf.dir/code_mf/Src/BMI088driver.c.obj
                0x08009d08                bmi088_gyro_init
 .text.BMI088_init
                0x08009df8       0x1a CMakeFiles/dm_h723_lib.elf.dir/code_mf/Src/BMI088driver.c.obj
                0x08009df8                BMI088_init
 *fill*         0x08009e12        0x2 
 .text.BMI088_read
                0x08009e14      0x164 CMakeFiles/dm_h723_lib.elf.dir/code_mf/Src/BMI088driver.c.obj
                0x08009e14                BMI088_read
 .text.CAN_SENT_TASK
                0x08009f78      0x104 CMakeFiles/dm_h723_lib.elf.dir/code_mf/Src/CAN_SENT_TASK.c.obj
                0x08009f78                CAN_SENT_TASK
 .text.gimbal_speed_get
                0x0800a07c       0x58 CMakeFiles/dm_h723_lib.elf.dir/code_mf/Src/CHASSIS_TASK.c.obj
                0x0800a07c                gimbal_speed_get
 .text.gimbal_to_chassis_speed_compute
                0x0800a0d4       0xd4 CMakeFiles/dm_h723_lib.elf.dir/code_mf/Src/CHASSIS_TASK.c.obj
                0x0800a0d4                gimbal_to_chassis_speed_compute
 .text.chassis_settlement
                0x0800a1a8       0xb4 CMakeFiles/dm_h723_lib.elf.dir/code_mf/Src/CHASSIS_TASK.c.obj
                0x0800a1a8                chassis_settlement
 .text.chassis_3508_id1_speed_pid_init
                0x0800a25c       0x28 CMakeFiles/dm_h723_lib.elf.dir/code_mf/Src/CHASSIS_TASK.c.obj
                0x0800a25c                chassis_3508_id1_speed_pid_init
 .text.chassis_3508_id1_speed_pid_loop
                0x0800a284       0x34 CMakeFiles/dm_h723_lib.elf.dir/code_mf/Src/CHASSIS_TASK.c.obj
                0x0800a284                chassis_3508_id1_speed_pid_loop
 .text.chassis_3508_id2_speed_pid_init
                0x0800a2b8       0x28 CMakeFiles/dm_h723_lib.elf.dir/code_mf/Src/CHASSIS_TASK.c.obj
                0x0800a2b8                chassis_3508_id2_speed_pid_init
 .text.chassis_3508_id2_speed_pid_loop
                0x0800a2e0       0x34 CMakeFiles/dm_h723_lib.elf.dir/code_mf/Src/CHASSIS_TASK.c.obj
                0x0800a2e0                chassis_3508_id2_speed_pid_loop
 .text.chassis_3508_id3_speed_pid_init
                0x0800a314       0x28 CMakeFiles/dm_h723_lib.elf.dir/code_mf/Src/CHASSIS_TASK.c.obj
                0x0800a314                chassis_3508_id3_speed_pid_init
 .text.chassis_3508_id3_speed_pid_loop
                0x0800a33c       0x34 CMakeFiles/dm_h723_lib.elf.dir/code_mf/Src/CHASSIS_TASK.c.obj
                0x0800a33c                chassis_3508_id3_speed_pid_loop
 .text.chassis_3508_id4_speed_pid_init
                0x0800a370       0x28 CMakeFiles/dm_h723_lib.elf.dir/code_mf/Src/CHASSIS_TASK.c.obj
                0x0800a370                chassis_3508_id4_speed_pid_init
 .text.chassis_3508_id4_speed_pid_loop
                0x0800a398       0x34 CMakeFiles/dm_h723_lib.elf.dir/code_mf/Src/CHASSIS_TASK.c.obj
                0x0800a398                chassis_3508_id4_speed_pid_loop
 .text.motor_chassis_pid_compute
                0x0800a3cc       0x5c CMakeFiles/dm_h723_lib.elf.dir/code_mf/Src/CHASSIS_TASK.c.obj
                0x0800a3cc                motor_chassis_pid_compute
 .text.CHASSIS_TASK
                0x0800a428       0x2a CMakeFiles/dm_h723_lib.elf.dir/code_mf/Src/CHASSIS_TASK.c.obj
                0x0800a428                CHASSIS_TASK
 *fill*         0x0800a452        0x2 
 .text.DEBUG_UART_TASK
                0x0800a454       0x24 CMakeFiles/dm_h723_lib.elf.dir/code_mf/Src/DEBUG_UART_TASK.c.obj
                0x0800a454                DEBUG_UART_TASK
 .text.FDCAN_DJI_motors
                0x0800a478       0x98 CMakeFiles/dm_h723_lib.elf.dir/code_mf/Src/DJI_motors.c.obj
                0x0800a478                FDCAN_DJI_motors
 .text.GET_RC_TASK
                0x0800a510       0x5c CMakeFiles/dm_h723_lib.elf.dir/code_mf/Src/GET_RC_TASK.c.obj
                0x0800a510                GET_RC_TASK
 .text.rc_pitch_input_normalization
                0x0800a56c       0x5c CMakeFiles/dm_h723_lib.elf.dir/code_mf/Src/GIMBAL_TASK.c.obj
                0x0800a56c                rc_pitch_input_normalization
 .text.rc_yaw_input_normalization
                0x0800a5c8       0x7c CMakeFiles/dm_h723_lib.elf.dir/code_mf/Src/GIMBAL_TASK.c.obj
                0x0800a5c8                rc_yaw_input_normalization
 .text.motor_gimbal_angle_compute
                0x0800a644        0xc CMakeFiles/dm_h723_lib.elf.dir/code_mf/Src/GIMBAL_TASK.c.obj
                0x0800a644                motor_gimbal_angle_compute
 .text.pid_preprocess
                0x0800a650       0x6c CMakeFiles/dm_h723_lib.elf.dir/code_mf/Src/GIMBAL_TASK.c.obj
                0x0800a650                pid_preprocess
 .text.friction_wheel_speed_control
                0x0800a6bc       0x38 CMakeFiles/dm_h723_lib.elf.dir/code_mf/Src/GIMBAL_TASK.c.obj
                0x0800a6bc                friction_wheel_speed_control
 .text.yaw_speed_pid_init
                0x0800a6f4       0x28 CMakeFiles/dm_h723_lib.elf.dir/code_mf/Src/GIMBAL_TASK.c.obj
                0x0800a6f4                yaw_speed_pid_init
 .text.yaw_speed_pid_loop
                0x0800a71c       0x34 CMakeFiles/dm_h723_lib.elf.dir/code_mf/Src/GIMBAL_TASK.c.obj
                0x0800a71c                yaw_speed_pid_loop
 .text.yaw_angle_pid_init
                0x0800a750       0x24 CMakeFiles/dm_h723_lib.elf.dir/code_mf/Src/GIMBAL_TASK.c.obj
                0x0800a750                yaw_angle_pid_init
 .text.yaw_angle_pid_loop
                0x0800a774       0x24 CMakeFiles/dm_h723_lib.elf.dir/code_mf/Src/GIMBAL_TASK.c.obj
                0x0800a774                yaw_angle_pid_loop
 .text.pitch_speed_from_bmi88_pid_init
                0x0800a798       0x28 CMakeFiles/dm_h723_lib.elf.dir/code_mf/Src/GIMBAL_TASK.c.obj
                0x0800a798                pitch_speed_from_bmi88_pid_init
 .text.pitch_speed_from_bmi088_pid_loop
                0x0800a7c0       0x34 CMakeFiles/dm_h723_lib.elf.dir/code_mf/Src/GIMBAL_TASK.c.obj
                0x0800a7c0                pitch_speed_from_bmi088_pid_loop
 .text.pitch_angle_pid_init
                0x0800a7f4       0x24 CMakeFiles/dm_h723_lib.elf.dir/code_mf/Src/GIMBAL_TASK.c.obj
                0x0800a7f4                pitch_angle_pid_init
 .text.pitch_angle_from_bmi088_pid_loop
                0x0800a818       0x24 CMakeFiles/dm_h723_lib.elf.dir/code_mf/Src/GIMBAL_TASK.c.obj
                0x0800a818                pitch_angle_from_bmi088_pid_loop
 .text.motor_gimbal_pid_compute
                0x0800a83c       0x60 CMakeFiles/dm_h723_lib.elf.dir/code_mf/Src/GIMBAL_TASK.c.obj
                0x0800a83c                motor_gimbal_pid_compute
 .text.friction_wheel_3510_id1_speed_pid_init
                0x0800a89c       0x28 CMakeFiles/dm_h723_lib.elf.dir/code_mf/Src/GIMBAL_TASK.c.obj
                0x0800a89c                friction_wheel_3510_id1_speed_pid_init
 .text.friction_wheel_3510_id1_speed_pid_loop
                0x0800a8c4       0x38 CMakeFiles/dm_h723_lib.elf.dir/code_mf/Src/GIMBAL_TASK.c.obj
                0x0800a8c4                friction_wheel_3510_id1_speed_pid_loop
 .text.friction_wheel_3510_id2_speed_pid_init
                0x0800a8fc       0x28 CMakeFiles/dm_h723_lib.elf.dir/code_mf/Src/GIMBAL_TASK.c.obj
                0x0800a8fc                friction_wheel_3510_id2_speed_pid_init
 .text.friction_wheel_3510_id2_speed_pid_loop
                0x0800a924       0x38 CMakeFiles/dm_h723_lib.elf.dir/code_mf/Src/GIMBAL_TASK.c.obj
                0x0800a924                friction_wheel_3510_id2_speed_pid_loop
 .text.friction_wheel_pid_control
                0x0800a95c       0x44 CMakeFiles/dm_h723_lib.elf.dir/code_mf/Src/GIMBAL_TASK.c.obj
                0x0800a95c                friction_wheel_pid_control
 .text.GIMBAL_TASK
                0x0800a9a0       0x36 CMakeFiles/dm_h723_lib.elf.dir/code_mf/Src/GIMBAL_TASK.c.obj
                0x0800a9a0                GIMBAL_TASK
 *fill*         0x0800a9d6        0x2 
 .text.IMU_DATA_GET
                0x0800a9d8       0xdc CMakeFiles/dm_h723_lib.elf.dir/code_mf/Src/IMU_DATA_GET.c.obj
                0x0800a9d8                IMU_DATA_GET
 .text.LED_TASK
                0x0800aab4       0x3a CMakeFiles/dm_h723_lib.elf.dir/code_mf/Src/LED_TASK.c.obj
                0x0800aab4                LED_TASK
 *fill*         0x0800aaee        0x2 
 .text.invSqrt  0x0800aaf0       0x30 CMakeFiles/dm_h723_lib.elf.dir/code_mf/Src/MahonyAHRS.c.obj
                0x0800aaf0                invSqrt
 .text.MahonyAHRSupdateIMU
                0x0800ab20      0x274 CMakeFiles/dm_h723_lib.elf.dir/code_mf/Src/MahonyAHRS.c.obj
                0x0800ab20                MahonyAHRSupdateIMU
 .text.MahonyAHRSupdate
                0x0800ad94      0x3f8 CMakeFiles/dm_h723_lib.elf.dir/code_mf/Src/MahonyAHRS.c.obj
                0x0800ad94                MahonyAHRSupdate
 .text.get_angle
                0x0800b18c       0xbc CMakeFiles/dm_h723_lib.elf.dir/code_mf/Src/MahonyAHRS.c.obj
                0x0800b18c                get_angle
 .text.nav_communication_data_parse
                0x0800b248       0x70 CMakeFiles/dm_h723_lib.elf.dir/code_mf/Src/NAV_TASK.c.obj
                0x0800b248                nav_communication_data_parse
 .text.shoot_speed_compute
                0x0800b2b8       0x44 CMakeFiles/dm_h723_lib.elf.dir/code_mf/Src/SHOOT_TASK.c.obj
                0x0800b2b8                shoot_speed_compute
 .text.shoot_stop_check
                0x0800b2fc       0x4c CMakeFiles/dm_h723_lib.elf.dir/code_mf/Src/SHOOT_TASK.c.obj
                0x0800b2fc                shoot_stop_check
 .text.SHOOOT_STOP_CHECK
                0x0800b348       0x12 CMakeFiles/dm_h723_lib.elf.dir/code_mf/Src/SHOOT_TASK.c.obj
                0x0800b348                SHOOOT_STOP_CHECK
 *fill*         0x0800b35a        0x2 
 .text.shoot_2006_id1_speed_pid_init
                0x0800b35c       0x28 CMakeFiles/dm_h723_lib.elf.dir/code_mf/Src/SHOOT_TASK.c.obj
                0x0800b35c                shoot_2006_id1_speed_pid_init
 .text.shoot_2006_id6_speed_pid_loop
                0x0800b384       0x34 CMakeFiles/dm_h723_lib.elf.dir/code_mf/Src/SHOOT_TASK.c.obj
                0x0800b384                shoot_2006_id6_speed_pid_loop
 .text.shoot_pid_control
                0x0800b3b8       0x1c CMakeFiles/dm_h723_lib.elf.dir/code_mf/Src/SHOOT_TASK.c.obj
                0x0800b3b8                shoot_pid_control
 .text.SHOOT_TASK
                0x0800b3d4        0xe CMakeFiles/dm_h723_lib.elf.dir/code_mf/Src/SHOOT_TASK.c.obj
                0x0800b3d4                SHOOT_TASK
 *fill*         0x0800b3e2        0x2 
 .text.BSP_FDCAN_Init
                0x0800b3e4      0x130 CMakeFiles/dm_h723_lib.elf.dir/code_mf/Src/bsp_can.c.obj
                0x0800b3e4                BSP_FDCAN_Init
 .text.DM_motors_parse
                0x0800b514       0x86 CMakeFiles/dm_h723_lib.elf.dir/code_mf/Src/can_receive.c.obj
                0x0800b514                DM_motors_parse
 *fill*         0x0800b59a        0x2 
 .text.HAL_FDCAN_RxFifo0Callback
                0x0800b59c      0x170 CMakeFiles/dm_h723_lib.elf.dir/code_mf/Src/can_receive.c.obj
                0x0800b59c                HAL_FDCAN_RxFifo0Callback
 .text.dm_motor_init
                0x0800b70c       0x2c CMakeFiles/dm_h723_lib.elf.dir/code_mf/Src/dm_motor.c.obj
                0x0800b70c                dm_motor_init
 .text.uint_to_float
                0x0800b738       0x28 CMakeFiles/dm_h723_lib.elf.dir/code_mf/Src/dm_motor.c.obj
                0x0800b738                uint_to_float
 .text.PID_init
                0x0800b760       0x3c CMakeFiles/dm_h723_lib.elf.dir/code_mf/Src/pid.c.obj
                0x0800b760                PID_init
 .text.PID_calc
                0x0800b79c      0x158 CMakeFiles/dm_h723_lib.elf.dir/code_mf/Src/pid.c.obj
                0x0800b79c                PID_calc
 .text.dbus_frame_parse
                0x0800b8f4       0xc6 CMakeFiles/dm_h723_lib.elf.dir/code_mf/Src/remote_control.c.obj
                0x0800b8f4                dbus_frame_parse
 *fill*         0x0800b9ba        0x2 
 .text.HAL_UARTEx_RxEventCallback
                0x0800b9bc       0x34 CMakeFiles/dm_h723_lib.elf.dir/code_mf/Src/remote_control.c.obj
                0x0800b9bc                HAL_UARTEx_RxEventCallback
 .text.HAL_UART_ErrorCallback
                0x0800b9f0       0x20 CMakeFiles/dm_h723_lib.elf.dir/code_mf/Src/remote_control.c.obj
                0x0800b9f0                HAL_UART_ErrorCallback
 .text.HAL_UART_RxCpltCallback
                0x0800ba10       0x48 CMakeFiles/dm_h723_lib.elf.dir/code_mf/Src/uart_callback.c.obj
                0x0800ba10                HAL_UART_RxCpltCallback
 .text.usart1_printf
                0x0800ba58       0x40 CMakeFiles/dm_h723_lib.elf.dir/code_mf/Src/uart_printf.c.obj
                0x0800ba58                usart1_printf
 .text.WS2812_Ctrl
                0x0800ba98       0xc0 CMakeFiles/dm_h723_lib.elf.dir/code_mf/Src/ws2812.c.obj
                0x0800ba98                WS2812_Ctrl
 .text.__udivmoddi4
                0x0800bb58      0x2bc C:/CLionToolchains/gcc-arm-none-eabi-10.3-2021.10/bin/../lib/gcc/arm-none-eabi/13.3.1/thumb/v7e-m+fp/hard\libgcc.a(_udivmoddi4.o)
                0x0800bb58                __udivmoddi4
 .text.stdio_exit_handler
                0x0800be14       0x18 C:/CLionToolchains/gcc-arm-none-eabi-10.3-2021.10/bin/../lib/gcc/arm-none-eabi/13.3.1/thumb/v7e-m+fp/hard\libg.a(libc_a-findfp.o)
 .text.cleanup_stdio
                0x0800be2c       0x40 C:/CLionToolchains/gcc-arm-none-eabi-10.3-2021.10/bin/../lib/gcc/arm-none-eabi/13.3.1/thumb/v7e-m+fp/hard\libg.a(libc_a-findfp.o)
 .text.global_stdio_init.part.0
                0x0800be6c       0xf0 C:/CLionToolchains/gcc-arm-none-eabi-10.3-2021.10/bin/../lib/gcc/arm-none-eabi/13.3.1/thumb/v7e-m+fp/hard\libg.a(libc_a-findfp.o)
 .text.__sinit  0x0800bf5c       0x3c C:/CLionToolchains/gcc-arm-none-eabi-10.3-2021.10/bin/../lib/gcc/arm-none-eabi/13.3.1/thumb/v7e-m+fp/hard\libg.a(libc_a-findfp.o)
                0x0800bf5c                __sinit
 .text.__sfp_lock_acquire
                0x0800bf98        0xc C:/CLionToolchains/gcc-arm-none-eabi-10.3-2021.10/bin/../lib/gcc/arm-none-eabi/13.3.1/thumb/v7e-m+fp/hard\libg.a(libc_a-findfp.o)
                0x0800bf98                __sfp_lock_acquire
 .text.__sfp_lock_release
                0x0800bfa4        0xc C:/CLionToolchains/gcc-arm-none-eabi-10.3-2021.10/bin/../lib/gcc/arm-none-eabi/13.3.1/thumb/v7e-m+fp/hard\libg.a(libc_a-findfp.o)
                0x0800bfa4                __sfp_lock_release
 .text._fwalk_sglue
                0x0800bfb0       0x44 C:/CLionToolchains/gcc-arm-none-eabi-10.3-2021.10/bin/../lib/gcc/arm-none-eabi/13.3.1/thumb/v7e-m+fp/hard\libg.a(libc_a-fwalk.o)
                0x0800bfb0                _fwalk_sglue
 .text.__sread  0x0800bff4       0x24 C:/CLionToolchains/gcc-arm-none-eabi-10.3-2021.10/bin/../lib/gcc/arm-none-eabi/13.3.1/thumb/v7e-m+fp/hard\libg.a(libc_a-stdio.o)
                0x0800bff4                __sread
 .text.__swrite
                0x0800c018       0x40 C:/CLionToolchains/gcc-arm-none-eabi-10.3-2021.10/bin/../lib/gcc/arm-none-eabi/13.3.1/thumb/v7e-m+fp/hard\libg.a(libc_a-stdio.o)
                0x0800c018                __swrite
 .text.__sseek  0x0800c058       0x24 C:/CLionToolchains/gcc-arm-none-eabi-10.3-2021.10/bin/../lib/gcc/arm-none-eabi/13.3.1/thumb/v7e-m+fp/hard\libg.a(libc_a-stdio.o)
                0x0800c058                __sseek
 .text.__sclose
                0x0800c07c        0x8 C:/CLionToolchains/gcc-arm-none-eabi-10.3-2021.10/bin/../lib/gcc/arm-none-eabi/13.3.1/thumb/v7e-m+fp/hard\libg.a(libc_a-stdio.o)
                0x0800c07c                __sclose
 .text.vsprintf
                0x0800c084       0x38 C:/CLionToolchains/gcc-arm-none-eabi-10.3-2021.10/bin/../lib/gcc/arm-none-eabi/13.3.1/thumb/v7e-m+fp/hard\libg.a(libc_a-vsprintf.o)
                0x0800c084                vsprintf
 .text.memset   0x0800c0bc       0xa4 C:/CLionToolchains/gcc-arm-none-eabi-10.3-2021.10/bin/../lib/gcc/arm-none-eabi/13.3.1/thumb/v7e-m+fp/hard\libg.a(libc_a-memset.o)
                0x0800c0bc                memset
 .text._close_r
                0x0800c160       0x24 C:/CLionToolchains/gcc-arm-none-eabi-10.3-2021.10/bin/../lib/gcc/arm-none-eabi/13.3.1/thumb/v7e-m+fp/hard\libg.a(libc_a-closer.o)
                0x0800c160                _close_r
 .text._reclaim_reent
                0x0800c184       0x6c C:/CLionToolchains/gcc-arm-none-eabi-10.3-2021.10/bin/../lib/gcc/arm-none-eabi/13.3.1/thumb/v7e-m+fp/hard\libg.a(libc_a-reent.o)
                0x0800c184                _reclaim_reent
 .text._lseek_r
                0x0800c1f0       0x2c C:/CLionToolchains/gcc-arm-none-eabi-10.3-2021.10/bin/../lib/gcc/arm-none-eabi/13.3.1/thumb/v7e-m+fp/hard\libg.a(libc_a-lseekr.o)
                0x0800c1f0                _lseek_r
 .text._read_r  0x0800c21c       0x2c C:/CLionToolchains/gcc-arm-none-eabi-10.3-2021.10/bin/../lib/gcc/arm-none-eabi/13.3.1/thumb/v7e-m+fp/hard\libg.a(libc_a-readr.o)
                0x0800c21c                _read_r
 .text._write_r
                0x0800c248       0x2c C:/CLionToolchains/gcc-arm-none-eabi-10.3-2021.10/bin/../lib/gcc/arm-none-eabi/13.3.1/thumb/v7e-m+fp/hard\libg.a(libc_a-writer.o)
                0x0800c248                _write_r
 .text.__errno  0x0800c274        0xc C:/CLionToolchains/gcc-arm-none-eabi-10.3-2021.10/bin/../lib/gcc/arm-none-eabi/13.3.1/thumb/v7e-m+fp/hard\libg.a(libc_a-errno.o)
                0x0800c274                __errno
 .text.__libc_init_array
                0x0800c280       0x50 C:/CLionToolchains/gcc-arm-none-eabi-10.3-2021.10/bin/../lib/gcc/arm-none-eabi/13.3.1/thumb/v7e-m+fp/hard\libg.a(libc_a-init.o)
                0x0800c280                __libc_init_array
 .text.__retarget_lock_init_recursive
                0x0800c2d0        0x4 C:/CLionToolchains/gcc-arm-none-eabi-10.3-2021.10/bin/../lib/gcc/arm-none-eabi/13.3.1/thumb/v7e-m+fp/hard\libg.a(libc_a-lock.o)
                0x0800c2d0                __retarget_lock_init_recursive
 .text.__retarget_lock_close_recursive
                0x0800c2d4        0x4 C:/CLionToolchains/gcc-arm-none-eabi-10.3-2021.10/bin/../lib/gcc/arm-none-eabi/13.3.1/thumb/v7e-m+fp/hard\libg.a(libc_a-lock.o)
                0x0800c2d4                __retarget_lock_close_recursive
 .text.__retarget_lock_acquire_recursive
                0x0800c2d8        0x4 C:/CLionToolchains/gcc-arm-none-eabi-10.3-2021.10/bin/../lib/gcc/arm-none-eabi/13.3.1/thumb/v7e-m+fp/hard\libg.a(libc_a-lock.o)
                0x0800c2d8                __retarget_lock_acquire_recursive
 .text.__retarget_lock_release_recursive
                0x0800c2dc        0x4 C:/CLionToolchains/gcc-arm-none-eabi-10.3-2021.10/bin/../lib/gcc/arm-none-eabi/13.3.1/thumb/v7e-m+fp/hard\libg.a(libc_a-lock.o)
                0x0800c2dc                __retarget_lock_release_recursive
 .text.startup.register_fini
                0x0800c2e0       0x14 C:/CLionToolchains/gcc-arm-none-eabi-10.3-2021.10/bin/../lib/gcc/arm-none-eabi/13.3.1/thumb/v7e-m+fp/hard\libg.a(libc_a-__call_atexit.o)
 .text.atexit   0x0800c2f4        0xc C:/CLionToolchains/gcc-arm-none-eabi-10.3-2021.10/bin/../lib/gcc/arm-none-eabi/13.3.1/thumb/v7e-m+fp/hard\libg.a(libc_a-atexit.o)
                0x0800c2f4                atexit
 .text._malloc_trim_r
                0x0800c300       0xb8 C:/CLionToolchains/gcc-arm-none-eabi-10.3-2021.10/bin/../lib/gcc/arm-none-eabi/13.3.1/thumb/v7e-m+fp/hard\libg.a(libc_a-freer.o)
                0x0800c300                _malloc_trim_r
 .text._free_r  0x0800c3b8      0x1f8 C:/CLionToolchains/gcc-arm-none-eabi-10.3-2021.10/bin/../lib/gcc/arm-none-eabi/13.3.1/thumb/v7e-m+fp/hard\libg.a(libc_a-freer.o)
                0x0800c3b8                _free_r
 .text._malloc_r
                0x0800c5b0      0x564 C:/CLionToolchains/gcc-arm-none-eabi-10.3-2021.10/bin/../lib/gcc/arm-none-eabi/13.3.1/thumb/v7e-m+fp/hard\libg.a(libc_a-mallocr.o)
                0x0800c5b0                _malloc_r
 .text.__malloc_lock
                0x0800cb14        0xc C:/CLionToolchains/gcc-arm-none-eabi-10.3-2021.10/bin/../lib/gcc/arm-none-eabi/13.3.1/thumb/v7e-m+fp/hard\libg.a(libc_a-mlock.o)
                0x0800cb14                __malloc_lock
 .text.__malloc_unlock
                0x0800cb20        0xc C:/CLionToolchains/gcc-arm-none-eabi-10.3-2021.10/bin/../lib/gcc/arm-none-eabi/13.3.1/thumb/v7e-m+fp/hard\libg.a(libc_a-mlock.o)
                0x0800cb20                __malloc_unlock
 *fill*         0x0800cb2c        0x4 
 .text._svfprintf_r
                0x0800cb30     0x1b3c C:/CLionToolchains/gcc-arm-none-eabi-10.3-2021.10/bin/../lib/gcc/arm-none-eabi/13.3.1/thumb/v7e-m+fp/hard\libg.a(libc_a-svfprintf.o)
                0x0800cb30                _svfprintf_r
 .text.__ssprint_r
                0x0800e66c       0x58 C:/CLionToolchains/gcc-arm-none-eabi-10.3-2021.10/bin/../lib/gcc/arm-none-eabi/13.3.1/thumb/v7e-m+fp/hard\libg.a(libc_a-ssprint_r.o)
                0x0800e66c                __ssprint_r
 .text._fclose_r
                0x0800e6c4       0xc0 C:/CLionToolchains/gcc-arm-none-eabi-10.3-2021.10/bin/../lib/gcc/arm-none-eabi/13.3.1/thumb/v7e-m+fp/hard\libg.a(libc_a-fclose.o)
                0x0800e6c4                _fclose_r
 .text.__sflush_r
                0x0800e784      0x138 C:/CLionToolchains/gcc-arm-none-eabi-10.3-2021.10/bin/../lib/gcc/arm-none-eabi/13.3.1/thumb/v7e-m+fp/hard\libg.a(libc_a-fflush.o)
                0x0800e784                __sflush_r
 .text._fflush_r
                0x0800e8bc       0x54 C:/CLionToolchains/gcc-arm-none-eabi-10.3-2021.10/bin/../lib/gcc/arm-none-eabi/13.3.1/thumb/v7e-m+fp/hard\libg.a(libc_a-fflush.o)
                0x0800e8bc                _fflush_r
 .text.strncpy  0x0800e910       0x68 C:/CLionToolchains/gcc-arm-none-eabi-10.3-2021.10/bin/../lib/gcc/arm-none-eabi/13.3.1/thumb/v7e-m+fp/hard\libg.a(libc_a-strncpy.o)
                0x0800e910                strncpy
 .text.__locale_mb_cur_max
                0x0800e978        0xc C:/CLionToolchains/gcc-arm-none-eabi-10.3-2021.10/bin/../lib/gcc/arm-none-eabi/13.3.1/thumb/v7e-m+fp/hard\libg.a(libc_a-locale.o)
                0x0800e978                __locale_mb_cur_max
 .text._localeconv_r
                0x0800e984        0x8 C:/CLionToolchains/gcc-arm-none-eabi-10.3-2021.10/bin/../lib/gcc/arm-none-eabi/13.3.1/thumb/v7e-m+fp/hard\libg.a(libc_a-localeconv.o)
                0x0800e984                _localeconv_r
 .text._sbrk_r  0x0800e98c       0x24 C:/CLionToolchains/gcc-arm-none-eabi-10.3-2021.10/bin/../lib/gcc/arm-none-eabi/13.3.1/thumb/v7e-m+fp/hard\libg.a(libc_a-sbrkr.o)
                0x0800e98c                _sbrk_r
 .text.__libc_fini_array
                0x0800e9b0       0x28 C:/CLionToolchains/gcc-arm-none-eabi-10.3-2021.10/bin/../lib/gcc/arm-none-eabi/13.3.1/thumb/v7e-m+fp/hard\libg.a(libc_a-fini.o)
                0x0800e9b0                __libc_fini_array
 .text.sysconf  0x0800e9d8       0x1c C:/CLionToolchains/gcc-arm-none-eabi-10.3-2021.10/bin/../lib/gcc/arm-none-eabi/13.3.1/thumb/v7e-m+fp/hard\libg.a(libc_a-sysconf.o)
                0x0800e9d8                sysconf
 .text.frexp    0x0800e9f4       0x64 C:/CLionToolchains/gcc-arm-none-eabi-10.3-2021.10/bin/../lib/gcc/arm-none-eabi/13.3.1/thumb/v7e-m+fp/hard\libg.a(libm_a-s_frexp.o)
                0x0800e9f4                frexp
 .text.__register_exitproc
                0x0800ea58       0x80 C:/CLionToolchains/gcc-arm-none-eabi-10.3-2021.10/bin/../lib/gcc/arm-none-eabi/13.3.1/thumb/v7e-m+fp/hard\libg.a(libc_a-__atexit.o)
                0x0800ea58                __register_exitproc
 .text.quorem   0x0800ead8      0x12c C:/CLionToolchains/gcc-arm-none-eabi-10.3-2021.10/bin/../lib/gcc/arm-none-eabi/13.3.1/thumb/v7e-m+fp/hard\libg.a(libc_a-dtoa.o)
 *fill*         0x0800ec04        0x4 
 .text._dtoa_r  0x0800ec08      0xe80 C:/CLionToolchains/gcc-arm-none-eabi-10.3-2021.10/bin/../lib/gcc/arm-none-eabi/13.3.1/thumb/v7e-m+fp/hard\libg.a(libc_a-dtoa.o)
                0x0800ec08                _dtoa_r
 .text.__ascii_mbtowc
                0x0800fa88       0x2c C:/CLionToolchains/gcc-arm-none-eabi-10.3-2021.10/bin/../lib/gcc/arm-none-eabi/13.3.1/thumb/v7e-m+fp/hard\libg.a(libc_a-mbtowc_r.o)
                0x0800fa88                __ascii_mbtowc
 .text._Balloc  0x0800fab4       0x4c C:/CLionToolchains/gcc-arm-none-eabi-10.3-2021.10/bin/../lib/gcc/arm-none-eabi/13.3.1/thumb/v7e-m+fp/hard\libg.a(libc_a-mprec.o)
                0x0800fab4                _Balloc
 .text._Bfree   0x0800fb00       0x14 C:/CLionToolchains/gcc-arm-none-eabi-10.3-2021.10/bin/../lib/gcc/arm-none-eabi/13.3.1/thumb/v7e-m+fp/hard\libg.a(libc_a-mprec.o)
                0x0800fb00                _Bfree
 .text.__multadd
                0x0800fb14       0xa0 C:/CLionToolchains/gcc-arm-none-eabi-10.3-2021.10/bin/../lib/gcc/arm-none-eabi/13.3.1/thumb/v7e-m+fp/hard\libg.a(libc_a-mprec.o)
                0x0800fb14                __multadd
 .text.__hi0bits
                0x0800fbb4       0x44 C:/CLionToolchains/gcc-arm-none-eabi-10.3-2021.10/bin/../lib/gcc/arm-none-eabi/13.3.1/thumb/v7e-m+fp/hard\libg.a(libc_a-mprec.o)
                0x0800fbb4                __hi0bits
 .text.__lo0bits
                0x0800fbf8       0x60 C:/CLionToolchains/gcc-arm-none-eabi-10.3-2021.10/bin/../lib/gcc/arm-none-eabi/13.3.1/thumb/v7e-m+fp/hard\libg.a(libc_a-mprec.o)
                0x0800fbf8                __lo0bits
 .text.__i2b    0x0800fc58       0x5c C:/CLionToolchains/gcc-arm-none-eabi-10.3-2021.10/bin/../lib/gcc/arm-none-eabi/13.3.1/thumb/v7e-m+fp/hard\libg.a(libc_a-mprec.o)
                0x0800fc58                __i2b
 .text.__multiply
                0x0800fcb4      0x16c C:/CLionToolchains/gcc-arm-none-eabi-10.3-2021.10/bin/../lib/gcc/arm-none-eabi/13.3.1/thumb/v7e-m+fp/hard\libg.a(libc_a-mprec.o)
                0x0800fcb4                __multiply
 .text.__pow5mult
                0x0800fe20       0xb4 C:/CLionToolchains/gcc-arm-none-eabi-10.3-2021.10/bin/../lib/gcc/arm-none-eabi/13.3.1/thumb/v7e-m+fp/hard\libg.a(libc_a-mprec.o)
                0x0800fe20                __pow5mult
 .text.__lshift
                0x0800fed4       0xf0 C:/CLionToolchains/gcc-arm-none-eabi-10.3-2021.10/bin/../lib/gcc/arm-none-eabi/13.3.1/thumb/v7e-m+fp/hard\libg.a(libc_a-mprec.o)
                0x0800fed4                __lshift
 .text.__mcmp   0x0800ffc4       0x44 C:/CLionToolchains/gcc-arm-none-eabi-10.3-2021.10/bin/../lib/gcc/arm-none-eabi/13.3.1/thumb/v7e-m+fp/hard\libg.a(libc_a-mprec.o)
                0x0800ffc4                __mcmp
 .text.__mdiff  0x08010008      0x178 C:/CLionToolchains/gcc-arm-none-eabi-10.3-2021.10/bin/../lib/gcc/arm-none-eabi/13.3.1/thumb/v7e-m+fp/hard\libg.a(libc_a-mprec.o)
                0x08010008                __mdiff
 .text.__d2b    0x08010180       0xc0 C:/CLionToolchains/gcc-arm-none-eabi-10.3-2021.10/bin/../lib/gcc/arm-none-eabi/13.3.1/thumb/v7e-m+fp/hard\libg.a(libc_a-mprec.o)
                0x08010180                __d2b
 .text.__ascii_wctomb
                0x08010240       0x1c C:/CLionToolchains/gcc-arm-none-eabi-10.3-2021.10/bin/../lib/gcc/arm-none-eabi/13.3.1/thumb/v7e-m+fp/hard\libg.a(libc_a-wctomb_r.o)
                0x08010240                __ascii_wctomb
 .text._wcrtomb_r
                0x0801025c       0x4c C:/CLionToolchains/gcc-arm-none-eabi-10.3-2021.10/bin/../lib/gcc/arm-none-eabi/13.3.1/thumb/v7e-m+fp/hard\libg.a(libc_a-wcrtomb.o)
                0x0801025c                _wcrtomb_r
 .text._wcsrtombs_r
                0x080102a8       0x18 C:/CLionToolchains/gcc-arm-none-eabi-10.3-2021.10/bin/../lib/gcc/arm-none-eabi/13.3.1/thumb/v7e-m+fp/hard\libg.a(libc_a-wcsrtombs.o)
                0x080102a8                _wcsrtombs_r
 .text.__ssputs_r
                0x080102c0       0xc0 C:/CLionToolchains/gcc-arm-none-eabi-10.3-2021.10/bin/../lib/gcc/arm-none-eabi/13.3.1/thumb/v7e-m+fp/hard\libg.a(libc_a-ssputs_r.o)
                0x080102c0                __ssputs_r
 .text.memmove  0x08010380      0x100 C:/CLionToolchains/gcc-arm-none-eabi-10.3-2021.10/bin/../lib/gcc/arm-none-eabi/13.3.1/thumb/v7e-m+fp/hard\libg.a(libc_a-memmove.o)
                0x08010380                memmove
 .text.__assert_func
                0x08010480       0x40 C:/CLionToolchains/gcc-arm-none-eabi-10.3-2021.10/bin/../lib/gcc/arm-none-eabi/13.3.1/thumb/v7e-m+fp/hard\libg.a(libc_a-assert.o)
                0x08010480                __assert_func
 .text._calloc_r
                0x080104c0       0x6c C:/CLionToolchains/gcc-arm-none-eabi-10.3-2021.10/bin/../lib/gcc/arm-none-eabi/13.3.1/thumb/v7e-m+fp/hard\libg.a(libc_a-callocr.o)
                0x080104c0                _calloc_r
 .text._realloc_r
                0x0801052c      0x344 C:/CLionToolchains/gcc-arm-none-eabi-10.3-2021.10/bin/../lib/gcc/arm-none-eabi/13.3.1/thumb/v7e-m+fp/hard\libg.a(libc_a-reallocr.o)
                0x0801052c                _realloc_r
 .text._wcsnrtombs_l
                0x08010870       0xfc C:/CLionToolchains/gcc-arm-none-eabi-10.3-2021.10/bin/../lib/gcc/arm-none-eabi/13.3.1/thumb/v7e-m+fp/hard\libg.a(libc_a-wcsnrtombs.o)
                0x08010870                _wcsnrtombs_l
 .text._wcsnrtombs_r